ARM Linker, 5.03 [Build 76] [MDK-ARM Standard]

==============================================================================

Section Cross References

    stm32f10x_gpio.o(.text) refers to stm32f10x_rcc.o(.text) for RCC_APB2PeriphResetCmd
    stm32f10x_i2c.o(.text) refers to stm32f10x_rcc.o(.text) for RCC_APB1PeriphResetCmd
    stm32f10x_pwr.o(.text) refers to stm32f10x_rcc.o(.text) for RCC_APB1PeriphResetCmd
    stm32f10x_rcc.o(.text) refers to stm32f10x_rcc.o(.data) for APBAHBPrescTable
    stm32f10x_spi.o(.text) refers to stm32f10x_rcc.o(.text) for RCC_APB2PeriphResetCmd
    stm32f10x_tim.o(.text) refers to stm32f10x_rcc.o(.text) for RCC_APB2PeriphResetCmd
    stm32f10x_usart.o(.text) refers to stm32f10x_rcc.o(.text) for RCC_APB2PeriphResetCmd
    stm32f10x_wwdg.o(.text) refers to stm32f10x_rcc.o(.text) for RCC_APB1PeriphResetCmd
    stm32f10x_adc.o(.text) refers to stm32f10x_rcc.o(.text) for RCC_APB2PeriphResetCmd
    stm32f10x_bkp.o(.text) refers to stm32f10x_rcc.o(.text) for RCC_BackupResetCmd
    stm32f10x_can.o(.text) refers to stm32f10x_rcc.o(.text) for RCC_APB1PeriphResetCmd
    stm32f10x_dac.o(.text) refers to stm32f10x_rcc.o(.text) for RCC_APB1PeriphResetCmd
    startup_stm32f10x_hd.o(STACK) refers (Special) to heapauxi.o(.text) for __use_two_region_memory
    startup_stm32f10x_hd.o(HEAP) refers (Special) to heapauxi.o(.text) for __use_two_region_memory
    startup_stm32f10x_hd.o(RESET) refers (Special) to heapauxi.o(.text) for __use_two_region_memory
    startup_stm32f10x_hd.o(RESET) refers to startup_stm32f10x_hd.o(.text) for Reset_Handler
    startup_stm32f10x_hd.o(RESET) refers to stm32f10x_it.o(.text) for NMI_Handler
    startup_stm32f10x_hd.o(.text) refers (Special) to heapauxi.o(.text) for __use_two_region_memory
    startup_stm32f10x_hd.o(.text) refers to startup_stm32f10x_hd.o(STACK) for __initial_sp
    startup_stm32f10x_hd.o(.text) refers to __main.o(!!!main) for __main
    startup_stm32f10x_hd.o(.text) refers to startup_stm32f10x_hd.o(HEAP) for Heap_Mem
    main.o(.text) refers to system_stm32f10x.o(.text) for SystemInit
    main.o(.text) refers to bsp_config.o(.text) for RCC_Configuration
    main.o(.text) refers to usart.o(.text) for uart_init
    main.o(.text) refers to stm32f10x_gpio.o(.text) for GPIO_ResetBits
    main.o(.text) refers to oled.o(.text) for OLED_Init
    main.o(.text) refers to dji_pro_test.o(.text) for DJI_Pro_Test_Setup
    main.o(.text) refers to dji_pro_link.o(.data) for i
    main.o(.text) refers to dji_pro_link.o(.bss) for RecBuff
    main.o(.text) refers to main.o(.data) for data
    stm32f10x_it.o(.text) refers to bsp_config.o(.text) for TimingDelay_Decrement
    stm32f10x_it.o(.text) refers to stm32f10x_usart.o(.text) for USART_GetITStatus
    stm32f10x_it.o(.text) refers to rt_memclr.o(.text) for __aeabi_memclr
    stm32f10x_it.o(.text) refers to dji_pro_link.o(.text) for Pro_Receive_Interface
    stm32f10x_it.o(.text) refers to stm32f10x_tim.o(.text) for TIM_GetITStatus
    stm32f10x_it.o(.text) refers to dji_pro_link.o(.bss) for RecBuff
    stm32f10x_it.o(.text) refers to dji_pro_link.o(.data) for i
    stm32f10x_it.o(.text) refers to stm32f10x_it.o(.data) for capture
    stm32f10x_it.o(.text) refers to bsp_config.o(.data) for CCR1_Val
    bsp_config.o(.text) refers to stm32f10x_rcc.o(.text) for RCC_APB2PeriphClockCmd
    bsp_config.o(.text) refers to stm32f10x_gpio.o(.text) for GPIO_Init
    bsp_config.o(.text) refers to misc.o(.text) for NVIC_SetVectorTable
    bsp_config.o(.text) refers to stm32f10x_tim.o(.text) for TIM_TimeBaseInit
    bsp_config.o(.text) refers to stm32f10x_spi.o(.text) for SPI_Init
    bsp_config.o(.text) refers to bsp_config.o(.data) for CCR1_Val
    bsp_config.o(.text) refers to system_stm32f10x.o(.constdata) for SystemFrequency
    crc.o(.text) refers to crc.o(.constdata) for CRC_Tab
    oled.o(.text) refers to stm32f10x_gpio.o(.text) for GPIO_SetBits
    oled.o(.text) refers to bsp_config.o(.text) for SPI2_ReadWriteByte
    oled.o(.text) refers to oled.o(.bss) for OLED_GRAM
    oled.o(.text) refers to oled.o(.constdata) for oled_asc2_1206
    oled.o(.text) refers to stm32f10x_rcc.o(.text) for RCC_APB2PeriphClockCmd
    dji_pro_app.o(.text) refers to rt_memcpy_v6.o(.text) for __aeabi_memcpy
    dji_pro_app.o(.text) refers to dji_pro_link.o(.text) for Pro_Send_Interface
    dji_pro_app.o(.text) refers to dji_pro_app.o(.bss) for Pro_Encode_Data
    dji_pro_codec.o(.text) refers to _scanf_int.o(.text) for _scanf_int
    dji_pro_codec.o(.text) refers to dji_pro_codec.o(.constdata) for sbox
    dji_pro_codec.o(.text) refers to rt_memmove_v6.o(.text) for __aeabi_memmove
    dji_pro_codec.o(.text) refers to rt_memclr.o(.text) for __aeabi_memclr
    dji_pro_codec.o(.text) refers to __0sscanf.o(.text) for __0sscanf
    dji_pro_codec.o(.text) refers to dji_pro_codec.o(.data) for crc_tab16
    dji_pro_codec.o(.text) refers to dji_pro_codec.o(.bss) for serial_sdk
[...]
    .ARM.Collect$$libinit$$0000000C          0x080001ee   Section        0  libinit2.o(.ARM.Collect$$libinit$$0000000C)
    .ARM.Collect$$libinit$$0000000D          0x080001ee   Section        6  libinit2.o(.ARM.Collect$$libinit$$0000000D)
    .ARM.Collect$$libinit$$0000000F          0x080001f4   Section        0  libinit2.o(.ARM.Collect$$libinit$$0000000F)
    .ARM.Collect$$libinit$$00000010          0x080001f4   Section       12  libinit2.o(.ARM.Collect$$libinit$$00000010)
    .ARM.Collect$$libinit$$00000011          0x08000200   Section        0  libinit2.o(.ARM.Collect$$libinit$$00000011)
    .ARM.Collect$$libinit$$00000013          0x08000200   Section        0  libinit2.o(.ARM.Collect$$libinit$$00000013)
    .ARM.Collect$$libinit$$00000015          0x08000200   Section        0  libinit2.o(.ARM.Collect$$libinit$$00000015)
    .ARM.Collect$$libinit$$00000017          0x08000200   Section        0  libinit2.o(.ARM.Collect$$libinit$$00000017)
    .ARM.Collect$$libinit$$00000019          0x08000200   Section        0  libinit2.o(.ARM.Collect$$libinit$$00000019)
    .ARM.Collect$$libinit$$0000001B          0x08000200   Section        0  libinit2.o(.ARM.Collect$$libinit$$0000001B)
    .ARM.Collect$$libinit$$0000001D          0x08000200   Section        0  libinit2.o(.ARM.Collect$$libinit$$0000001D)
    .ARM.Collect$$libinit$$0000001F          0x08000200   Section        0  libinit2.o(.ARM.Collect$$libinit$$0000001F)
    .ARM.Collect$$libinit$$00000021          0x08000200   Section        0  libinit2.o(.ARM.Collect$$libinit$$00000021)
    .ARM.Collect$$libinit$$00000023          0x08000200   Section        0  libinit2.o(.ARM.Collect$$libinit$$00000023)
    .ARM.Collect$$libinit$$0000002A          0x08000200   Section        0  libinit2.o(.ARM.Collect$$libinit$$0000002A)
    .ARM.Collect$$libinit$$0000002C          0x08000200   Section        0  libinit2.o(.ARM.Collect$$libinit$$0000002C)
    .ARM.Collect$$libinit$$0000002E          0x08000200   Section        0  libinit2.o(.ARM.Collect$$libinit$$0000002E)
    .ARM.Collect$$libinit$$00000030          0x08000200   Section        0  libinit2.o(.ARM.Collect$$libinit$$00000030)
    .ARM.Collect$$libinit$$00000031          0x08000200   Section        2  libinit2.o(.ARM.Collect$$libinit$$00000031)
    .ARM.Collect$$libshutdown$$00000000      0x08000202   Section        2  libshutdown.o(.ARM.Collect$$libshutdown$$00000000)
    .ARM.Collect$$libshutdown$$00000003      0x08000204   Section        0  libshutdown2.o(.ARM.Collect$$libshutdown$$00000003)
    .ARM.Collect$$libshutdown$$00000006      0x08000204   Section        0  libshutdown2.o(.ARM.Collect$$libshutdown$$00000006)
    .ARM.Collect$$libshutdown$$00000009      0x08000204   Section        0  libshutdown2.o(.ARM.Collect$$libshutdown$$00000009)
    .ARM.Collect$$libshutdown$$0000000B      0x08000204   Section        0  libshutdown2.o(.ARM.Collect$$libshutdown$$0000000B)
    .ARM.Collect$$libshutdown$$0000000E      0x08000204   Section        0  libshutdown2.o(.ARM.Collect$$libshutdown$$0000000E)
    .ARM.Collect$$libshutdown$$0000000F      0x08000204   Section        2  libshutdown2.o(.ARM.Collect$$libshutdown$$0000000F)
    .ARM.Collect$$rtentry$$00000000          0x08000206   Section        0  rtentry.o(.ARM.Collect$$rtentry$$00000000)
    .ARM.Collect$$rtentry$$00000002          0x08000206   Section        0  rtentry2.o(.ARM.Collect$$rtentry$$00000002)
    .ARM.Collect$$rtentry$$00000004          0x08000206   Section        6  rtentry4.o(.ARM.Collect$$rtentry$$00000004)
    .ARM.Collect$$rtentry$$00000009          0x0800020c   Section        0  rtentry2.o(.ARM.Collect$$rtentry$$00000009)
    .ARM.Collect$$rtentry$$0000000A          0x0800020c   Section        4  rtentry2.o(.ARM.Collect$$rtentry$$0000000A)
    .ARM.Collect$$rtentry$$0000000C          0x08000210   Section        0  rtentry2.o(.ARM.Collect$$rtentry$$0000000C)
    .ARM.Collect$$rtentry$$0000000D          0x08000210   Section        8  rtentry2.o(.ARM.Collect$$rtentry$$0000000D)
    .ARM.Collect$$rtexit$$00000000           0x08000218   Section        2  rtexit.o(.ARM.Collect$$rtexit$$00000000)
    .ARM.Collect$$rtexit$$00000002           0x0800021a   Section        0  rtexit2.o(.ARM.Collect$$rtexit$$00000002)
    .ARM.Collect$$rtexit$$00000003           0x0800021a   Section        4  rtexit2.o(.ARM.Collect$$rtexit$$00000003)
    .ARM.Collect$$rtexit$$00000004           0x0800021e   Section        6  rtexit2.o(.ARM.Collect$$rtexit$$00000004)
    .text                                    0x08000224   Section        0  misc.o(.text)
    .text                                    0x08000300   Section        0  stm32f10x_gpio.o(.text)
    .text                                    0x0800062c   Section        0  stm32f10x_rcc.o(.text)
    .text                                    0x080009cc   Section        0  stm32f10x_spi.o(.text)
    .text                                    0x08000ccc   Section        0  stm32f10x_tim.o(.text)
    TI4_Config                               0x08000feb   Thumb Code    82  stm32f10x_tim.o(.text)
    TI3_Config                               0x0800104f   Thumb Code    72  stm32f10x_tim.o(.text)
    TI2_Config                               0x080010c1   Thumb Code    80  stm32f10x_tim.o(.text)
    TI1_Config                               0x08001123   Thumb Code    56  stm32f10x_tim.o(.text)
    .text                                    0x08001894   Section        0  stm32f10x_usart.o(.text)
    .text                                    0x08001c04   Section       72  startup_stm32f10x_hd.o(.text)
    .text                                    0x08001c4c   Section        0  system_stm32f10x.o(.text)
    SetSysClockTo72                          0x08001c4d   Thumb Code   218  system_stm32f10x.o(.text)
    SetSysClock                              0x08001d27   Thumb Code     8  system_stm32f10x.o(.text)
    .text                                    0x08001d84   Section        0  main.o(.text)
    .text                                    0x08001fc4   Section        0  stm32f10x_it.o(.text)
    .text                                    0x080020f0   Section        0  bsp_config.o(.text)
    .text                                    0x080024dc   Section        0  oled.o(.text)
    .text                                    0x080029dc   Section        0  dji_pro_app.o(.text)
    .text                                    0x08002a64   Section        0  dji_pro_codec.o(.text)
    sdk_transform2byte                       0x080032f7   Thumb Code    60  dji_pro_codec.o(.text)
    .text                                    0x08003474   Section        0  dji_pro_link.o(.text)
    Send_Pro_Data                            0x08003475   Thumb Code    20  dji_pro_link.o(.text)
    .text                                    0x08003870   Section        0  dji_pro_test.o(.text)
    .text                                    0x08003c74   Section        0  usart.o(.text)
    .text                                    0x08003d68   Section        2  use_no_semi_2.o(.text)
    .text                                    0x08003d6c   Section        0  __0sscanf.o(.text)
    .text                                    0x08003da8   Section        0  _scanf_int.o(.text)
    .text                                    0x08003ef8   Section        0  strlen.o(.text)
    .text                                    0x08003f36   Section      138  rt_memcpy_v6.o(.text)
    .text                                    0x08003fc0   Section      132  rt_memmove_v6.o(.text)
    .text                                    0x08004044   Section      100  rt_memcpy_w.o(.text)
    .text                                    0x080040a8   Section       68  rt_memclr.o(.text)
    .text                                    0x080040ec   Section       78  rt_memclr_w.o(.text)
    .text                                    0x0800413a   Section        0  heapauxi.o(.text)
    .text                                    0x08004140   Section        2  use_no_semi.o(.text)
    .text                                    0x08004142   Section        0  _rserrno.o(.text)
    .text                                    0x08004158   Section        0  _chval.o(.text)
    .text                                    0x08004174   Section        0  scanf_char.o(.text)
    _scanf_char_input                        0x08004175   Thumb Code    12  scanf_char.o(.text)
    .text                                    0x080041a0   Section        0  _sgetc.o(.text)
    .text                                    0x080041e0   Section      122  rt_memmove_w.o(.text)
    .text                                    0x0800425c   Section        8  rt_errno_addr_intlibspace.o(.text)
    .text                                    0x08004264   Section        0  isspace.o(.text)
    .text                                    0x08004278   Section        0  _scanf.o(.text)
    .text                                    0x080045e8   Section        8  libspace.o(.text)
    .text                                    0x080045f0   Section       74  sys_stackheap_outer.o(.text)
    .text                                    0x0800463c   Section       16  rt_ctype_table.o(.text)
    .text                                    0x0800464c   Section        0  exit.o(.text)
    .text                                    0x08004658   Section        8  rt_locale_intlibspace.o(.text)
    .text                                    0x08004660   Section      128  strcmpv7m.o(.text)
    i.__ARM_fpclassify                       0x080046e0   Section        0  fpclassify.o(i.__ARM_fpclassify)
    i.__ieee754_rem_pio2                     0x08004708   Section        0  rred.o(i.__ieee754_rem_pio2)
    i.__kernel_cos                           0x08004a90   Section        0  cos_i.o(i.__kernel_cos)
    i.__kernel_poly                          0x08004b8c   Section        0  poly.o(i.__kernel_poly)
    i.__kernel_sin                           0x08004c38   Section        0  sin_i.o(i.__kernel_sin)
    i.__mathlib_dbl_underflow                0x08004d24   Section        0  dunder.o(i.__mathlib_dbl_underflow)
    i.cos                                    0x08004d34   Section        0  cos.o(i.cos)
    i.sin                                    0x08004de0   Section        0  sin.o(i.sin)
    locale$$code                             0x08004e90   Section       44  lc_ctype_c.o(locale$$code)
    x$fpl$d2f                                0x08004ebc   Section       98  d2f.o(x$fpl$d2f)
    x$fpl$dadd                               0x08004f20   Section      336  daddsub_clz.o(x$fpl$dadd)
    _dadd1                                   0x08004f31   Thumb Code     0  daddsub_clz.o(x$fpl$dadd)
    x$fpl$dcheck1                            0x08005070   Section       16  dcheck1.o(x$fpl$dcheck1)
    x$fpl$ddiv                               0x08005080   Section      688  ddiv.o(x$fpl$ddiv)
    ddiv_entry                               0x08005087   Thumb Code     0  ddiv.o(x$fpl$ddiv)
    x$fpl$dfix                               0x08005330   Section       94  dfix.o(x$fpl$dfix)
    x$fpl$dflt                               0x0800538e   Section       46  dflt_clz.o(x$fpl$dflt)
    x$fpl$dfltu                              0x080053bc   Section       38  dflt_clz.o(x$fpl$dfltu)
    x$fpl$dmul                               0x080053e4   Section      340  dmul.o(x$fpl$dmul)
    x$fpl$dnaninf                            0x08005538   Section      156  dnaninf.o(x$fpl$dnaninf)
    x$fpl$dretinf                            0x080055d4   Section       12  dretinf.o(x$fpl$dretinf)
    x$fpl$drsb                               0x080055e0   Section       22  daddsub_clz.o(x$fpl$drsb)
    x$fpl$dsub                               0x080055f8   Section      468  daddsub_clz.o(x$fpl$dsub)
    _dsub1                                   0x08005609   Thumb Code     0  daddsub_clz.o(x$fpl$dsub)
    x$fpl$fretinf                            0x080057cc   Section       10  fretinf.o(x$fpl$fretinf)
    x$fpl$retnan                             0x080057d6   Section      100  retnan.o(x$fpl$retnan)
    x$fpl$scalbn                             0x0800583a   Section       92  scalbn.o(x$fpl$scalbn)
    x$fpl$trapveneer                         0x08005896   Section       48  trapv.o(x$fpl$trapveneer)
    x$fpl$usenofp                            0x080058c6   Section        0  usenofp.o(x$fpl$usenofp)
    .constdata                               0x080058c8   Section       20  system_stm32f10x.o(.constdata)
    .constdata                               0x080058dc   Section     3012  oled.o(.constdata)
    .constdata                               0x080064a0   Section      514  dji_pro_codec.o(.constdata)
    .constdata                               0x080066a4   Section       65  dji_pro_test.o(.constdata)
    .constdata                               0x080066e8   Section       48  cos_i.o(.constdata)
    C                                        0x080066e8   Data          48  cos_i.o(.constdata)
    .constdata                               0x08006718   Section      200  rred.o(.constdata)
    pio2s                                    0x08006718   Data          48  rred.o(.constdata)
    twooverpi                                0x08006748   Data         152  rred.o(.constdata)
    .constdata                               0x080067e0   Section       40  sin_i.o(.constdata)
    S                                        0x080067e0   Data          40  sin_i.o(.constdata)
    locale$$data                             0x08006828   Section      272  lc_ctype_c.o(locale$$data)
    __lcctype_c_name                         0x0800682c   Data           2  lc_ctype_c.o(locale$$data)
    __lcctype_c_start                        0x08006834   Data           0  lc_ctype_c.o(locale$$data)
    __lcctype_c_end                          0x08006938   Data           0  lc_ctype_c.o(locale$$data)
    .data                                    0x20000000   Section       20  stm32f10x_rcc.o(.data)
    APBAHBPrescTable                         0x20000000   Data          16  stm32f10x_rcc.o(.data)
    ADCPrescTable                            0x20000010   Data           4  stm32f10x_rcc.o(.data)
    .data                                    0x20000014   Section       13  main.o(.data)
    .data                                    0x20000022   Section        2  stm32f10x_it.o(.data)
    .data                                    0x20000024   Section        8  bsp_config.o(.data)
    TimingDelay                              0x20000028   Data           4  bsp_config.o(.data)
    .data                                    0x2000002c   Section     1540  dji_pro_codec.o(.data)
    .data                                    0x20000630   Section        5  dji_pro_link.o(.data)
    global_seq_num                           0x20000632   Data           2  dji_pro_link.o(.data)
    .data                                    0x20000638   Section       48  dji_pro_test.o(.data)
    activation_msg                           0x20000638   Data          44  dji_pro_test.o(.data)
    key                                      0x20000664   Data           4  dji_pro_test.o(.data)
    .bss                                     0x20000668   Section     1024  oled.o(.bss)
    .bss                                     0x20000a68   Section     1036  dji_pro_app.o(.bss)
    cmd_unit                                 0x20000a68   Data          12  dji_pro_app.o(.bss)
    Pro_Encode_Data                          0x20000a74   Data        1024  dji_pro_app.o(.bss)
    .bss                                     0x20000e74   Section      340  dji_pro_codec.o(.bss)
    .bss                                     0x20000fc8   Section    18392  dji_pro_link.o(.bss)
    Send_Session_Common_Tab                  0x20001068   Data          16  dji_pro_link.o(.bss)
    Send_Global_Common_Memory                0x20001078   Data         528  dji_pro_link.o(.bss)
    Send_Session_Tab                         0x20001288   Data         480  dji_pro_link.o(.bss)
    Send_MMU_Tab                             0x20001468   Data         360  dji_pro_link.o(.bss)
    Send_Global_Memory                       0x200015d0   Data       15840  dji_pro_link.o(.bss)
    .bss                                     0x200057a0   Section       96  libspace.o(.bss)
    HEAP                                     0x20005800   Section        0  startup_stm32f10x_hd.o(HEAP)
    STACK                                    0x20005800   Section      512  startup_stm32f10x_hd.o(STACK)
    Heap_Mem                                 0x20005800   Data           0  startup_stm32f10x_hd.o(HEAP)
    Stack_Mem                                0x20005800   Data         512  startup_stm32f10x_hd.o(STACK)
    __initial_sp                             0x20005a00   Data           0  startup_stm32f10x_hd.o(STACK)

    Global Symbols

    Symbol Name                              Value     Ov Type        Size  Object(Section)

    BuildAttributes$$THM_ISAv4$P$D$K$B$S$PE$A:L22UL41UL21$X:L11$S22US41US21$IEEE1$IW$USESV6$~STKCKD$USESV7$~SHL$OTIME$ROPI$IEEEX$EBA8$UX$STANDARDLIB$REQ8$PRES8$EABIv2 0x00000000   Number         0  anon$$obj.o ABSOLUTE
    __ARM_use_no_argv                        0x00000000   Number         0  main.o ABSOLUTE
    __ARM_exceptions_init                     - Undefined Weak Reference
    __alloca_initialize                       - Undefined Weak Reference
    __cpp_initialize__aeabi_                  - Undefined Weak Reference
    __cxa_finalize                            - Undefined Weak Reference
    __sigvec_lookup                           - Undefined Weak Reference
    _atexit_init                              - Undefined Weak Reference
    _call_atexit_fns                          - Undefined Weak Reference
    _clock_init                               - Undefined Weak Reference
    _fp_trap_init                             - Undefined Weak Reference
    _fp_trap_shutdown                         - Undefined Weak Reference
    _get_lc_collate                           - Undefined Weak Reference
    _get_lc_monetary                          - Undefined Weak Reference
    _get_lc_numeric                           - Undefined Weak Reference
    _get_lc_time                              - Undefined Weak Reference
    _getenv_init                              - Undefined Weak Reference
    _handle_redirection                       - Undefined Weak Reference
    _init_alloc                               - Undefined Weak Reference
    _init_user_alloc                          - Undefined Weak Reference
    _initio                                   - Undefined Weak Reference
    _rand_init                                - Undefined Weak Reference
    _scanf_longlong                           - Undefined Weak Reference
    _scanf_mbtowc                             - Undefined Weak Reference
    _scanf_real                               - Undefined Weak Reference
    _scanf_string                             - Undefined Weak Reference
    _scanf_wctomb                             - Undefined Weak Reference
    _scanf_wstring                            - Undefined Weak Reference
    _signal_finish                            - Undefined Weak Reference
    _signal_init                              - Undefined Weak Reference
    _terminate_alloc                          - Undefined Weak Reference
    _terminate_user_alloc                     - Undefined Weak Reference
    _terminateio                              - Undefined Weak Reference
    __Vectors_Size                           0x00000130   Number         0  startup_stm32f10x_hd.o ABSOLUTE
    __Vectors                                0x08000000   Data           4  startup_stm32f10x_hd.o(RESET)
    __Vectors_End                            0x08000130   Data           0  startup_stm32f10x_hd.o(RESET)
    __main                                   0x08000131   Thumb Code     8  __main.o(!!!main)
    __scatterload                            0x08000139   Thumb Code     0  __scatter.o(!!!scatter)
    __scatterload_rt2                        0x08000139   Thumb Code    44  __scatter.o(!!!scatter)
    __scatterload_rt2_thumb_only             0x08000139   Thumb Code     0  __scatter.o(!!!scatter)
    __scatterload_null                       0x08000147   Thumb Code     0  __scatter.o(!!!scatter)
    __decompress                             0x0800016d   Thumb Code   100  __dclz77c.o(!!dclz77c)
    __decompress2                            0x0800016d   Thumb Code     0  __dclz77c.o(!!dclz77c)
    __scatterload_zeroinit                   0x080001d1   Thumb Code    28  __scatter_zi.o(!!handler_zi)
    __rt_lib_init                            0x080001ed   Thumb Code     0  libinit.o(.ARM.Collect$$libinit$$00000000)
    __rt_lib_init_fp_1                       0x080001ef   Thumb Code     0  libinit2.o(.ARM.Collect$$libinit$$00000002)
    __rt_lib_init_heap_1                     0x080001ef   Thumb Code     0  libinit2.o(.ARM.Collect$$libinit$$00000008)
    __rt_lib_init_lc_common                  0x080001ef   Thumb Code     0  libinit2.o(.ARM.Collect$$libinit$$0000000D)
    __rt_lib_init_rand_1                     0x080001ef   Thumb Code     0  libinit2.o(.ARM.Collect$$libinit$$0000000C)
    __rt_lib_init_user_alloc_1               0x080001ef   Thumb Code     0  libinit2.o(.ARM.Collect$$libinit$$0000000A)
    __rt_lib_init_lc_collate_1               0x080001f5   Thumb Code     0  libinit2.o(.ARM.Collect$$libinit$$0000000F)
    __rt_lib_init_lc_ctype_2                 0x080001f5   Thumb Code     0  libinit2.o(.ARM.Collect$$libinit$$00000010)
    __rt_lib_init_alloca_1                   0x08000201   Thumb Code     0  libinit2.o(.ARM.Collect$$libinit$$0000002C)
    __rt_lib_init_argv_1                     0x08000201   Thumb Code     0  libinit2.o(.ARM.Collect$$libinit$$0000002A)
    __rt_lib_init_atexit_1                   0x08000201   Thumb Code     0  libinit2.o(.ARM.Collect$$libinit$$00000019)
    __rt_lib_init_clock_1                    0x08000201   Thumb Code     0  libinit2.o(.ARM.Collect$$libinit$$0000001F)
    __rt_lib_init_cpp_1                      0x08000201   Thumb Code     0  libinit2.o(.ARM.Collect$$libinit$$00000030)
    __rt_lib_init_exceptions_1               0x08000201   Thumb Code     0  libinit2.o(.ARM.Collect$$libinit$$0000002E)
    __rt_lib_init_fp_trap_1                  0x08000201   Thumb Code     0  libinit2.o(.ARM.Collect$$libinit$$0000001D)
    __rt_lib_init_getenv_1                   0x08000201   Thumb Code     0  libinit2.o(.ARM.Collect$$libinit$$00000021)
    __rt_lib_init_lc_ctype_1                 0x08000201   Thumb Code     0  libinit2.o(.ARM.Collect$$libinit$$00000011)
    __rt_lib_init_lc_monetary_1              0x08000201   Thumb Code     0  libinit2.o(.ARM.Collect$$libinit$$00000013)
    __rt_lib_init_lc_numeric_1               0x08000201   Thumb Code     0  libinit2.o(.ARM.Collect$$libinit$$00000015)
    __rt_lib_init_lc_time_1                  0x08000201   Thumb Code     0  libinit2.o(.ARM.Collect$$libinit$$00000017)
    __rt_lib_init_return                     0x08000201   Thumb Code     0  libinit2.o(.ARM.Collect$$libinit$$00000031)
    __rt_lib_init_signal_1                   0x08000201   Thumb Code     0  libinit2.o(.ARM.Collect$$libinit$$0000001B)
    __rt_lib_init_stdio_1                    0x08000201   Thumb Code     0  libinit2.o(.ARM.Collect$$libinit$$00000023)
    __rt_lib_shutdown                        0x08000203   Thumb Code     0  libshutdown.o(.ARM.Collect$$libshutdown$$00000000)
    __rt_lib_shutdown_fp_trap_1              0x08000205   Thumb Code     0  libshutdown2.o(.ARM.Collect$$libshutdown$$00000006)
    __rt_lib_shutdown_heap_1                 0x08000205   Thumb Code     0  libshutdown2.o(.ARM.Collect$$libshutdown$$0000000E)
    __rt_lib_shutdown_return                 0x08000205   Thumb Code     0  libshutdown2.o(.ARM.Collect$$libshutdown$$0000000F)
    __rt_lib_shutdown_signal_1               0x08000205   Thumb Code     0  libshutdown2.o(.ARM.Collect$$libshutdown$$00000009)
    __rt_lib_shutdown_stdio_1                0x08000205   Thumb Code     0  libshutdown2.o(.ARM.Collect$$libshutdown$$00000003)
    __rt_lib_shutdown_user_alloc_1           0x08000205   Thumb Code     0  libshutdown2.o(.ARM.Collect$$libshutdown$$0000000B)
    __rt_entry                               0x08000207   Thumb Code     0  rtentry.o(.ARM.Collect$$rtentry$$00000000)
    __rt_entry_presh_1                       0x08000207   Thumb Code     0  rtentry2.o(.ARM.Collect$$rtentry$$00000002)
    __rt_entry_sh                            0x08000207   Thumb Code     0  rtentry4.o(.ARM.Collect$$rtentry$$00000004)
    __rt_entry_li                            0x0800020d   Thumb Code     0  rtentry2.o(.ARM.Collect$$rtentry$$0000000A)
    __rt_entry_postsh_1                      0x0800020d   Thumb Code     0  rtentry2.o(.ARM.Collect$$rtentry$$00000009)
    __rt_entry_main                          0x08000211   Thumb Code     0  rtentry2.o(.ARM.Collect$$rtentry$$0000000D)
    __rt_entry_postli_1                      0x08000211   Thumb Code     0  rtentry2.o(.ARM.Collect$$rtentry$$0000000C)
    __rt_exit                                0x08000219   Thumb Code     0  rtexit.o(.ARM.Collect$$rtexit$$00000000)
    __rt_exit_ls                             0x0800021b   Thumb Code     0  rtexit2.o(.ARM.Collect$$rtexit$$00000003)
    __rt_exit_prels_1                        0x0800021b   Thumb Code     0  rtexit2.o(.ARM.Collect$$rtexit$$00000002)
    __rt_exit_exit                           0x0800021f   Thumb Code     0  rtexit2.o(.ARM.Collect$$rtexit$$00000004)
    NVIC_PriorityGroupConfig                 0x08000225   Thumb Code    10  misc.o(.text)
    NVIC_Init                                0x0800022f   Thumb Code   102  misc.o(.text)
    NVIC_SetVectorTable                      0x08000295   Thumb Code    14  misc.o(.text)
    NVIC_SystemLPConfig                      0x080002a3   Thumb Code    34  misc.o(.text)
    SysTick_CLKSourceConfig                  0x080002c5   Thumb Code    40  misc.o(.text)
    GPIO_DeInit                              0x08000301   Thumb Code   188  stm32f10x_gpio.o(.text)
    GPIO_AFIODeInit                          0x080003bd   Thumb Code    20  stm32f10x_gpio.o(.text)
    GPIO_Init                                0x080003d1   Thumb Code   274  stm32f10x_gpio.o(.text)
    GPIO_StructInit                          0x080004e3   Thumb Code    16  stm32f10x_gpio.o(.text)
    GPIO_ReadInputDataBit                    0x080004f3   Thumb Code    18  stm32f10x_gpio.o(.text)
    GPIO_ReadInputData                       0x08000505   Thumb Code     8  stm32f10x_gpio.o(.text)
    GPIO_ReadOutputDataBit                   0x0800050d   Thumb Code    18  stm32f10x_gpio.o(.text)
    GPIO_ReadOutputData                      0x0800051f   Thumb Code     8  stm32f10x_gpio.o(.text)
    GPIO_SetBits                             0x08000527   Thumb Code     4  stm32f10x_gpio.o(.text)
    GPIO_ResetBits                           0x0800052b   Thumb Code     4  stm32f10x_gpio.o(.text)
    GPIO_WriteBit                            0x0800052f   Thumb Code    10  stm32f10x_gpio.o(.text)
    GPIO_Write                               0x08000539   Thumb Code     4  stm32f10x_gpio.o(.text)
    GPIO_PinLockConfig                       0x0800053d   Thumb Code    18  stm32f10x_gpio.o(.text)
    GPIO_EventOutputConfig                   0x0800054f   Thumb Code    26  stm32f10x_gpio.o(.text)
    GPIO_EventOutputCmd                      0x08000569   Thumb Code     6  stm32f10x_gpio.o(.text)
    GPIO_PinRemapConfig                      0x0800056f   Thumb Code   106  stm32f10x_gpio.o(.text)
    GPIO_EXTILineConfig                      0x080005d9   Thumb Code    66  stm32f10x_gpio.o(.text)
    RCC_DeInit                               0x0800062d   Thumb Code    62  stm32f10x_rcc.o(.text)
    RCC_HSEConfig                            0x0800066b   Thumb Code    70  stm32f10x_rcc.o(.text)
    RCC_GetFlagStatus                        0x080006b1   Thumb Code    56  stm32f10x_rcc.o(.text)
    RCC_WaitForHSEStartUp                    0x080006e9   Thumb Code    54  stm32f10x_rcc.o(.text)
    RCC_AdjustHSICalibrationValue            0x0800071f   Thumb Code    20  stm32f10x_rcc.o(.text)
    RCC_HSICmd                               0x08000733   Thumb Code     6  stm32f10x_rcc.o(.text)
    RCC_PLLConfig                            0x08000739   Thumb Code    24  stm32f10x_rcc.o(.text)
    RCC_PLLCmd                               0x08000751   Thumb Code     6  stm32f10x_rcc.o(.text)
    RCC_SYSCLKConfig                         0x08000757   Thumb Code    18  stm32f10x_rcc.o(.text)
    RCC_GetSYSCLKSource                      0x08000769   Thumb Code    10  stm32f10x_rcc.o(.text)
    RCC_HCLKConfig                           0x08000773   Thumb Code    18  stm32f10x_rcc.o(.text)
    RCC_PCLK1Config                          0x08000785   Thumb Code    18  stm32f10x_rcc.o(.text)
    RCC_PCLK2Config                          0x08000797   Thumb Code    20  stm32f10x_rcc.o(.text)
    RCC_ITConfig                             0x080007ab   Thumb Code    26  stm32f10x_rcc.o(.text)
    RCC_USBCLKConfig                         0x080007c5   Thumb Code     6  stm32f10x_rcc.o(.text)
    RCC_ADCCLKConfig                         0x080007cb   Thumb Code    18  stm32f10x_rcc.o(.text)
    RCC_LSEConfig                            0x080007dd   Thumb Code    44  stm32f10x_rcc.o(.text)
    RCC_LSICmd                               0x08000809   Thumb Code     6  stm32f10x_rcc.o(.text)
    RCC_RTCCLKConfig                         0x0800080f   Thumb Code    12  stm32f10x_rcc.o(.text)
    RCC_RTCCLKCmd                            0x0800081b   Thumb Code     8  stm32f10x_rcc.o(.text)
    RCC_GetClocksFreq                        0x08000823   Thumb Code   192  stm32f10x_rcc.o(.text)
    RCC_AHBPeriphClockCmd                    0x080008e3   Thumb Code    26  stm32f10x_rcc.o(.text)
    RCC_APB2PeriphClockCmd                   0x080008fd   Thumb Code    26  stm32f10x_rcc.o(.text)
    RCC_APB1PeriphClockCmd                   0x08000917   Thumb Code    26  stm32f10x_rcc.o(.text)
    RCC_APB2PeriphResetCmd                   0x08000931   Thumb Code    26  stm32f10x_rcc.o(.text)
    RCC_APB1PeriphResetCmd                   0x0800094b   Thumb Code    26  stm32f10x_rcc.o(.text)
    RCC_BackupResetCmd                       0x08000965   Thumb Code     8  stm32f10x_rcc.o(.text)
    RCC_ClockSecuritySystemCmd               0x0800096d   Thumb Code     6  stm32f10x_rcc.o(.text)
    RCC_MCOConfig                            0x08000973   Thumb Code     6  stm32f10x_rcc.o(.text)
    RCC_ClearFlag                            0x08000979   Thumb Code    14  stm32f10x_rcc.o(.text)
    RCC_GetITStatus                          0x08000987   Thumb Code    20  stm32f10x_rcc.o(.text)
    RCC_ClearITPendingBit                    0x0800099b   Thumb Code     6  stm32f10x_rcc.o(.text)
    SPI_I2S_DeInit                           0x080009cd   Thumb Code    88  stm32f10x_spi.o(.text)
    SPI_Init                                 0x08000a25   Thumb Code    60  stm32f10x_spi.o(.text)
    I2S_Init                                 0x08000a61   Thumb Code   210  stm32f10x_spi.o(.text)
    SPI_StructInit                           0x08000b33   Thumb Code    24  stm32f10x_spi.o(.text)
    I2S_StructInit                           0x08000b4b   Thumb Code    20  stm32f10x_spi.o(.text)
    SPI_Cmd                                  0x08000b5f   Thumb Code    24  stm32f10x_spi.o(.text)
    I2S_Cmd                                  0x08000b77   Thumb Code    24  stm32f10x_spi.o(.text)
    SPI_I2S_ITConfig                         0x08000b8f   Thumb Code    32  stm32f10x_spi.o(.text)
    SPI_I2S_DMACmd                           0x08000baf   Thumb Code    18  stm32f10x_spi.o(.text)
    SPI_I2S_SendData                         0x08000bc1   Thumb Code     4  stm32f10x_spi.o(.text)
    SPI_I2S_ReceiveData                      0x08000bc5   Thumb Code     6  stm32f10x_spi.o(.text)
    SPI_NSSInternalSoftwareConfig            0x08000bcb   Thumb Code    30  stm32f10x_spi.o(.text)
    SPI_SSOutputCmd                          0x08000be9   Thumb Code    24  stm32f10x_spi.o(.text)
    SPI_DataSizeConfig                       0x08000c01   Thumb Code    18  stm32f10x_spi.o(.text)
    SPI_TransmitCRC                          0x08000c13   Thumb Code    10  stm32f10x_spi.o(.text)
    SPI_CalculateCRC                         0x08000c1d   Thumb Code    24  stm32f10x_spi.o(.text)
    SPI_GetCRC                               0x08000c35   Thumb Code    16  stm32f10x_spi.o(.text)
    SPI_GetCRCPolynomial                     0x08000c45   Thumb Code     6  stm32f10x_spi.o(.text)
    SPI_BiDirectionalLineConfig              0x08000c4b   Thumb Code    28  stm32f10x_spi.o(.text)
    SPI_I2S_GetFlagStatus                    0x08000c67   Thumb Code    18  stm32f10x_spi.o(.text)
    SPI_I2S_ClearFlag                        0x08000c79   Thumb Code     6  stm32f10x_spi.o(.text)
    SPI_I2S_GetITStatus                      0x08000c7f   Thumb Code    52  stm32f10x_spi.o(.text)
    SPI_I2S_ClearITPendingBit                0x08000cb3   Thumb Code    20  stm32f10x_spi.o(.text)
    TIM_DeInit                               0x08000ccd   Thumb Code   214  stm32f10x_tim.o(.text)
    TIM_TimeBaseInit                         0x08000da3   Thumb Code    50  stm32f10x_tim.o(.text)
    TIM_OC1Init                              0x08000dd5   Thumb Code   110  stm32f10x_tim.o(.text)
    TIM_OC2Init                              0x08000e43   Thumb Code   148  stm32f10x_tim.o(.text)
    TIM_OC3Init                              0x08000ed7   Thumb Code   144  stm32f10x_tim.o(.text)
    TIM_OC4Init                              0x08000f67   Thumb Code   106  stm32f10x_tim.o(.text)
    TIM_SetIC4Prescaler                      0x08000fd1   Thumb Code    26  stm32f10x_tim.o(.text)
    TIM_SetIC3Prescaler                      0x0800103d   Thumb Code    18  stm32f10x_tim.o(.text)
    TIM_SetIC2Prescaler                      0x08001097   Thumb Code    42  stm32f10x_tim.o(.text)
    TIM_SetIC1Prescaler                      0x08001111   Thumb Code    18  stm32f10x_tim.o(.text)
    TIM_ICInit                               0x0800115b   Thumb Code   110  stm32f10x_tim.o(.text)
    TIM_PWMIConfig                           0x080011c9   Thumb Code   124  stm32f10x_tim.o(.text)
    TIM_BDTRConfig                           0x08001245   Thumb Code    32  stm32f10x_tim.o(.text)
    TIM_TimeBaseStructInit                   0x08001265   Thumb Code    18  stm32f10x_tim.o(.text)
    TIM_OCStructInit                         0x08001277   Thumb Code    20  stm32f10x_tim.o(.text)
    TIM_ICStructInit                         0x0800128b   Thumb Code    18  stm32f10x_tim.o(.text)
    TIM_BDTRStructInit                       0x0800129d   Thumb Code    18  stm32f10x_tim.o(.text)
    TIM_Cmd                                  0x080012af   Thumb Code    24  stm32f10x_tim.o(.text)
    TIM_CtrlPWMOutputs                       0x080012c7   Thumb Code    30  stm32f10x_tim.o(.text)
    TIM_ITConfig                             0x080012e5   Thumb Code    18  stm32f10x_tim.o(.text)
    TIM_GenerateEvent                        0x080012f7   Thumb Code     4  stm32f10x_tim.o(.text)
    TIM_DMAConfig                            0x080012fb   Thumb Code    10  stm32f10x_tim.o(.text)
    TIM_DMACmd                               0x08001305   Thumb Code    18  stm32f10x_tim.o(.text)
    TIM_InternalClockConfig                  0x08001317   Thumb Code    12  stm32f10x_tim.o(.text)
    TIM_SelectInputTrigger                   0x08001323   Thumb Code    18  stm32f10x_tim.o(.text)
    TIM_ITRxExternalClockConfig              0x08001335   Thumb Code    24  stm32f10x_tim.o(.text)
    TIM_TIxExternalClockConfig               0x0800134d   Thumb Code    62  stm32f10x_tim.o(.text)
    TIM_ETRConfig                            0x0800138b   Thumb Code    30  stm32f10x_tim.o(.text)
    TIM_ETRClockMode1Config                  0x080013a9   Thumb Code    54  stm32f10x_tim.o(.text)
    TIM_ETRClockMode2Config                  0x080013df   Thumb Code    32  stm32f10x_tim.o(.text)
    TIM_PrescalerConfig                      0x080013ff   Thumb Code     6  stm32f10x_tim.o(.text)
    TIM_CounterModeConfig                    0x08001405   Thumb Code    18  stm32f10x_tim.o(.text)
    TIM_EncoderInterfaceConfig               0x08001417   Thumb Code    66  stm32f10x_tim.o(.text)
    TIM_ForcedOC1Config                      0x08001459   Thumb Code    18  stm32f10x_tim.o(.text)
    TIM_ForcedOC2Config                      0x0800146b   Thumb Code    26  stm32f10x_tim.o(.text)
    TIM_ForcedOC3Config                      0x08001485   Thumb Code    18  stm32f10x_tim.o(.text)
    TIM_ForcedOC4Config                      0x08001497   Thumb Code    26  stm32f10x_tim.o(.text)
    TIM_ARRPreloadConfig                     0x080014b1   Thumb Code    24  stm32f10x_tim.o(.text)
    TIM_SelectCOM                            0x080014c9   Thumb Code    24  stm32f10x_tim.o(.text)
    TIM_SelectCCDMA                          0x080014e1   Thumb Code    24  stm32f10x_tim.o(.text)
    TIM_CCPreloadControl                     0x080014f9   Thumb Code    24  stm32f10x_tim.o(.text)
    TIM_OC1PreloadConfig                     0x08001511   Thumb Code    18  stm32f10x_tim.o(.text)
    TIM_OC2PreloadConfig                     0x08001523   Thumb Code    26  stm32f10x_tim.o(.text)
    TIM_OC3PreloadConfig                     0x0800153d   Thumb Code    18  stm32f10x_tim.o(.text)
    TIM_OC4PreloadConfig                     0x0800154f   Thumb Code    26  stm32f10x_tim.o(.text)
    TIM_OC1FastConfig                        0x08001569   Thumb Code    18  stm32f10x_tim.o(.text)
    TIM_OC2FastConfig                        0x0800157b   Thumb Code    26  stm32f10x_tim.o(.text)
    TIM_OC3FastConfig                        0x08001595   Thumb Code    18  stm32f10x_tim.o(.text)
    TIM_OC4FastConfig                        0x080015a7   Thumb Code    26  stm32f10x_tim.o(.text)
    TIM_ClearOC1Ref                          0x080015c1   Thumb Code    18  stm32f10x_tim.o(.text)
    TIM_ClearOC2Ref                          0x080015d3   Thumb Code    24  stm32f10x_tim.o(.text)
    TIM_ClearOC3Ref                          0x080015eb   Thumb Code    18  stm32f10x_tim.o(.text)
    TIM_ClearOC4Ref                          0x080015fd   Thumb Code    24  stm32f10x_tim.o(.text)
    TIM_OC1PolarityConfig                    0x08001615   Thumb Code    18  stm32f10x_tim.o(.text)
    TIM_OC1NPolarityConfig                   0x08001627   Thumb Code    18  stm32f10x_tim.o(.text)
    TIM_OC2PolarityConfig                    0x08001639   Thumb Code    26  stm32f10x_tim.o(.text)
    TIM_OC2NPolarityConfig                   0x08001653   Thumb Code    26  stm32f10x_tim.o(.text)
    TIM_OC3PolarityConfig                    0x0800166d   Thumb Code    26  stm32f10x_tim.o(.text)
    TIM_OC3NPolarityConfig                   0x08001687   Thumb Code    26  stm32f10x_tim.o(.text)
    TIM_OC4PolarityConfig                    0x080016a1   Thumb Code    26  stm32f10x_tim.o(.text)
    TIM_CCxCmd                               0x080016bb   Thumb Code    26  stm32f10x_tim.o(.text)
    TIM_CCxNCmd                              0x080016d5   Thumb Code    26  stm32f10x_tim.o(.text)
    TIM_SelectOCxM                           0x080016ef   Thumb Code   134  stm32f10x_tim.o(.text)
    TIM_UpdateDisableConfig                  0x08001775   Thumb Code    24  stm32f10x_tim.o(.text)
    TIM_UpdateRequestConfig                  0x0800178d   Thumb Code    24  stm32f10x_tim.o(.text)
    TIM_SelectHallSensor                     0x080017a5   Thumb Code    24  stm32f10x_tim.o(.text)
    TIM_SelectOnePulseMode                   0x080017bd   Thumb Code    18  stm32f10x_tim.o(.text)
    TIM_SelectOutputTrigger                  0x080017cf   Thumb Code    18  stm32f10x_tim.o(.text)
    TIM_SelectSlaveMode                      0x080017e1   Thumb Code    18  stm32f10x_tim.o(.text)
    TIM_SelectMasterSlaveMode                0x080017f3   Thumb Code    18  stm32f10x_tim.o(.text)
    TIM_SetCounter                           0x08001805   Thumb Code     4  stm32f10x_tim.o(.text)
    TIM_SetAutoreload                        0x08001809   Thumb Code     4  stm32f10x_tim.o(.text)
    TIM_SetCompare1                          0x0800180d   Thumb Code     4  stm32f10x_tim.o(.text)
    TIM_SetCompare2                          0x08001811   Thumb Code     4  stm32f10x_tim.o(.text)
    TIM_SetCompare3                          0x08001815   Thumb Code     4  stm32f10x_tim.o(.text)
    TIM_SetCompare4                          0x08001819   Thumb Code     6  stm32f10x_tim.o(.text)
    TIM_SetClockDivision                     0x0800181f   Thumb Code    14  stm32f10x_tim.o(.text)
    TIM_GetCapture1                          0x0800182d   Thumb Code     6  stm32f10x_tim.o(.text)
    TIM_GetCapture2                          0x08001833   Thumb Code     6  stm32f10x_tim.o(.text)
    TIM_GetCapture3                          0x08001839   Thumb Code     6  stm32f10x_tim.o(.text)
    TIM_GetCapture4                          0x0800183f   Thumb Code     8  stm32f10x_tim.o(.text)
    TIM_GetCounter                           0x08001847   Thumb Code     6  stm32f10x_tim.o(.text)
    TIM_GetPrescaler                         0x0800184d   Thumb Code     6  stm32f10x_tim.o(.text)
    TIM_GetFlagStatus                        0x08001853   Thumb Code    18  stm32f10x_tim.o(.text)
    TIM_ClearFlag                            0x08001865   Thumb Code     6  stm32f10x_tim.o(.text)
    TIM_GetITStatus                          0x0800186b   Thumb Code    34  stm32f10x_tim.o(.text)
    TIM_ClearITPendingBit                    0x0800188d   Thumb Code     6  stm32f10x_tim.o(.text)
    USART_DeInit                             0x08001895   Thumb Code   146  stm32f10x_usart.o(.text)
    USART_Init                               0x08001927   Thumb Code   150  stm32f10x_usart.o(.text)
    USART_StructInit                         0x080019bd   Thumb Code    24  stm32f10x_usart.o(.text)
    USART_ClockInit                          0x080019d5   Thumb Code    34  stm32f10x_usart.o(.text)
    USART_ClockStructInit                    0x080019f7   Thumb Code    12  stm32f10x_usart.o(.text)
    USART_Cmd                                0x08001a03   Thumb Code    24  stm32f10x_usart.o(.text)
    USART_ITConfig                           0x08001a1b   Thumb Code    64  stm32f10x_usart.o(.text)
    USART_DMACmd                             0x08001a5b   Thumb Code    18  stm32f10x_usart.o(.text)
    USART_SetAddress                         0x08001a6d   Thumb Code    18  stm32f10x_usart.o(.text)
    USART_WakeUpConfig                       0x08001a7f   Thumb Code    18  stm32f10x_usart.o(.text)
    USART_ReceiverWakeUpCmd                  0x08001a91   Thumb Code    24  stm32f10x_usart.o(.text)
    USART_LINBreakDetectLengthConfig         0x08001aa9   Thumb Code    18  stm32f10x_usart.o(.text)
    USART_LINCmd                             0x08001abb   Thumb Code    24  stm32f10x_usart.o(.text)
    USART_SendData                           0x08001ad3   Thumb Code     8  stm32f10x_usart.o(.text)
    USART_ReceiveData                        0x08001adb   Thumb Code    10  stm32f10x_usart.o(.text)
    USART_SendBreak                          0x08001ae5   Thumb Code    10  stm32f10x_usart.o(.text)
    USART_SetGuardTime                       0x08001aef   Thumb Code    16  stm32f10x_usart.o(.text)
    USART_SetPrescaler                       0x08001aff   Thumb Code    16  stm32f10x_usart.o(.text)
    USART_SmartCardCmd                       0x08001b0f   Thumb Code    24  stm32f10x_usart.o(.text)
    USART_SmartCardNACKCmd                   0x08001b27   Thumb Code    24  stm32f10x_usart.o(.text)
    USART_HalfDuplexCmd                      0x08001b3f   Thumb Code    24  stm32f10x_usart.o(.text)
    USART_IrDAConfig                         0x08001b57   Thumb Code    18  stm32f10x_usart.o(.text)
    USART_IrDACmd                            0x08001b69   Thumb Code    24  stm32f10x_usart.o(.text)
    USART_GetFlagStatus                      0x08001b81   Thumb Code    18  stm32f10x_usart.o(.text)
    USART_ClearFlag                          0x08001b93   Thumb Code     6  stm32f10x_usart.o(.text)
    USART_GetITStatus                        0x08001b99   Thumb Code    76  stm32f10x_usart.o(.text)
    USART_ClearITPendingBit                  0x08001be5   Thumb Code    20  stm32f10x_usart.o(.text)
    SystemInit_ExtMemCtl                     0x08001c05   Thumb Code     2  startup_stm32f10x_hd.o(.text)
    Reset_Handler                            0x08001c07   Thumb Code    14  startup_stm32f10x_hd.o(.text)
    ADC1_2_IRQHandler                        0x08001c27   Thumb Code     0  startup_stm32f10x_hd.o(.text)
    ADC3_IRQHandler                          0x08001c27   Thumb Code     0  startup_stm32f10x_hd.o(.text)
    CAN1_RX1_IRQHandler                      0x08001c27   Thumb Code     0  startup_stm32f10x_hd.o(.text)
    CAN1_SCE_IRQHandler                      0x08001c27   Thumb Code     0  startup_stm32f10x_hd.o(.text)
    DMA1_Channel1_IRQHandler                 0x08001c27   Thumb Code     0  startup_stm32f10x_hd.o(.text)
    DMA1_Channel2_IRQHandler                 0x08001c27   Thumb Code     0  startup_stm32f10x_hd.o(.text)
    DMA1_Channel3_IRQHandler                 0x08001c27   Thumb Code     0  startup_stm32f10x_hd.o(.text)
    DMA1_Channel4_IRQHandler                 0x08001c27   Thumb Code     0  startup_stm32f10x_hd.o(.text)
    DMA1_Channel5_IRQHandler                 0x08001c27   Thumb Code     0  startup_stm32f10x_hd.o(.text)
    DMA1_Channel6_IRQHandler                 0x08001c27   Thumb Code     0  startup_stm32f10x_hd.o(.text)
    DMA1_Channel7_IRQHandler                 0x08001c27   Thumb Code     0  startup_stm32f10x_hd.o(.text)
    DMA2_Channel1_IRQHandler                 0x08001c27   Thumb Code     0  startup_stm32f10x_hd.o(.text)
    DMA2_Channel2_IRQHandler                 0x08001c27   Thumb Code     0  startup_stm32f10x_hd.o(.text)
    DMA2_Channel3_IRQHandler                 0x08001c27   Thumb Code     0  startup_stm32f10x_hd.o(.text)
    DMA2_Channel4_5_IRQHandler               0x08001c27   Thumb Code     0  startup_stm32f10x_hd.o(.text)
    EXTI0_IRQHandler                         0x08001c27   Thumb Code     0  startup_stm32f10x_hd.o(.text)
    EXTI15_10_IRQHandler                     0x08001c27   Thumb Code     0  startup_stm32f10x_hd.o(.text)
    EXTI1_IRQHandler                         0x08001c27   Thumb Code     0  startup_stm32f10x_hd.o(.text)
    EXTI2_IRQHandler                         0x08001c27   Thumb Code     0  startup_stm32f10x_hd.o(.text)
    EXTI3_IRQHandler                         0x08001c27   Thumb Code     0  startup_stm32f10x_hd.o(.text)
    EXTI4_IRQHandler                         0x08001c27   Thumb Code     0  startup_stm32f10x_hd.o(.text)
    EXTI9_5_IRQHandler                       0x08001c27   Thumb Code     0  startup_stm32f10x_hd.o(.text)
    FLASH_IRQHandler                         0x08001c27   Thumb Code     0  startup_stm32f10x_hd.o(.text)
    FSMC_IRQHandler                          0x08001c27   Thumb Code     0  startup_stm32f10x_hd.o(.text)
    I2C1_ER_IRQHandler                       0x08001c27   Thumb Code     0  startup_stm32f10x_hd.o(.text)
    I2C1_EV_IRQHandler                       0x08001c27   Thumb Code     0  startup_stm32f10x_hd.o(.text)
    I2C2_ER_IRQHandler                       0x08001c27   Thumb Code     0  startup_stm32f10x_hd.o(.text)
    I2C2_EV_IRQHandler                       0x08001c27   Thumb Code     0  startup_stm32f10x_hd.o(.text)
    PVD_IRQHandler                           0x08001c27   Thumb Code     0  startup_stm32f10x_hd.o(.text)
    RCC_IRQHandler                           0x08001c27   Thumb Code     0  startup_stm32f10x_hd.o(.text)
    RTCAlarm_IRQHandler                      0x08001c27   Thumb Code     0  startup_stm32f10x_hd.o(.text)
    RTC_IRQHandler                           0x08001c27   Thumb Code     0  startup_stm32f10x_hd.o(.text)
    SDIO_IRQHandler                          0x08001c27   Thumb Code     0  startup_stm32f10x_hd.o(.text)
    SPI1_IRQHandler                          0x08001c27   Thumb Code     0  startup_stm32f10x_hd.o(.text)
    SPI2_IRQHandler                          0x08001c27   Thumb Code     0  startup_stm32f10x_hd.o(.text)
    SPI3_IRQHandler                          0x08001c27   Thumb Code     0  startup_stm32f10x_hd.o(.text)
    TAMPER_IRQHandler                        0x08001c27   Thumb Code     0  startup_stm32f10x_hd.o(.text)
    TIM1_BRK_IRQHandler                      0x08001c27   Thumb Code     0  startup_stm32f10x_hd.o(.text)
    TIM1_CC_IRQHandler                       0x08001c27   Thumb Code     0  startup_stm32f10x_hd.o(.text)
    TIM1_TRG_COM_IRQHandler                  0x08001c27   Thumb Code     0  startup_stm32f10x_hd.o(.text)
    TIM1_UP_IRQHandler                       0x08001c27   Thumb Code     0  startup_stm32f10x_hd.o(.text)
    TIM3_IRQHandler                          0x08001c27   Thumb Code     0  startup_stm32f10x_hd.o(.text)
    TIM4_IRQHandler                          0x08001c27   Thumb Code     0  startup_stm32f10x_hd.o(.text)
    TIM5_IRQHandler                          0x08001c27   Thumb Code     0  startup_stm32f10x_hd.o(.text)
    TIM6_IRQHandler                          0x08001c27   Thumb Code     0  startup_stm32f10x_hd.o(.text)
    TIM7_IRQHandler                          0x08001c27   Thumb Code     0  startup_stm32f10x_hd.o(.text)
    TIM8_BRK_IRQHandler                      0x08001c27   Thumb Code     0  startup_stm32f10x_hd.o(.text)
    TIM8_CC_IRQHandler                       0x08001c27   Thumb Code     0  startup_stm32f10x_hd.o(.text)
    TIM8_TRG_COM_IRQHandler                  0x08001c27   Thumb Code     0  startup_stm32f10x_hd.o(.text)
    TIM8_UP_IRQHandler                       0x08001c27   Thumb Code     0  startup_stm32f10x_hd.o(.text)
    UART4_IRQHandler                         0x08001c27   Thumb Code     0  startup_stm32f10x_hd.o(.text)
    UART5_IRQHandler                         0x08001c27   Thumb Code     0  startup_stm32f10x_hd.o(.text)
    USART2_IRQHandler                        0x08001c27   Thumb Code     0  startup_stm32f10x_hd.o(.text)
    USART3_IRQHandler                        0x08001c27   Thumb Code     0  startup_stm32f10x_hd.o(.text)
    USBWakeUp_IRQHandler                     0x08001c27   Thumb Code     0  startup_stm32f10x_hd.o(.text)
    USB_HP_CAN1_TX_IRQHandler                0x08001c27   Thumb Code     0  startup_stm32f10x_hd.o(.text)
    USB_LP_CAN1_RX0_IRQHandler               0x08001c27   Thumb Code     0  startup_stm32f10x_hd.o(.text)
    WWDG_IRQHandler                          0x08001c27   Thumb Code     0  startup_stm32f10x_hd.o(.text)
    __user_initial_stackheap                 0x08001c29   Thumb Code     0  startup_stm32f10x_hd.o(.text)
    SystemInit                               0x08001d2f   Thumb Code    68  system_stm32f10x.o(.text)
    Key_Delay                                0x08001d85   Thumb Code    16  main.o(.text)
    main                                     0x08001d95   Thumb Code   390  main.o(.text)
    NMI_Handler                              0x08001fc5   Thumb Code     2  stm32f10x_it.o(.text)
    HardFault_Handler                        0x08001fc7   Thumb Code     4  stm32f10x_it.o(.text)
    MemManage_Handler                        0x08001fcb   Thumb Code     4  stm32f10x_it.o(.text)
    BusFault_Handler                         0x08001fcf   Thumb Code     4  stm32f10x_it.o(.text)
    UsageFault_Handler                       0x08001fd3   Thumb Code     4  stm32f10x_it.o(.text)
    SVC_Handler                              0x08001fd7   Thumb Code     2  stm32f10x_it.o(.text)
    DebugMon_Handler                         0x08001fd9   Thumb Code     2  stm32f10x_it.o(.text)
    PendSV_Handler                           0x08001fdb   Thumb Code     2  stm32f10x_it.o(.text)
    SysTick_Handler                          0x08001fdd   Thumb Code     8  stm32f10x_it.o(.text)
    USART1_IRQHandler                        0x08001fe5   Thumb Code   114  stm32f10x_it.o(.text)
    TIM2_IRQHandler                          0x08002057   Thumb Code   128  stm32f10x_it.o(.text)
    GPIO_Configuration                       0x080020f1   Thumb Code   144  bsp_config.o(.text)
    RCC_Configuration                        0x08002181   Thumb Code    28  bsp_config.o(.text)
    NVIC_Configuration                       0x0800219d   Thumb Code    78  bsp_config.o(.text)
    TIM2_Config                              0x080021eb   Thumb Code   148  bsp_config.o(.text)
    SPI1_Init                                0x0800227f   Thumb Code   140  bsp_config.o(.text)
    SPI2_Init                                0x0800230b   Thumb Code   160  bsp_config.o(.text)
    SysTick_init                             0x080023ab   Thumb Code    84  bsp_config.o(.text)
    delay_ms                                 0x080023ff   Thumb Code    16  bsp_config.o(.text)
    TimingDelay_Decrement                    0x0800240f   Thumb Code    18  bsp_config.o(.text)
    SPI1_ReadWriteByte                       0x08002421   Thumb Code    66  bsp_config.o(.text)
    SPI2_ReadWriteByte                       0x08002463   Thumb Code    74  bsp_config.o(.text)
    OLED_WR_Byte                             0x080024dd   Thumb Code    62  oled.o(.text)
    OLED_Refresh_Gram                        0x0800251b   Thumb Code    70  oled.o(.text)
    OLED_Display_On                          0x08002561   Thumb Code    28  oled.o(.text)
    OLED_Display_Off                         0x0800257d   Thumb Code    28  oled.o(.text)
    OLED_Clear                               0x08002599   Thumb Code    42  oled.o(.text)
    LCD_Set_Pos                              0x080025c3   Thumb Code    52  oled.o(.text)
    OLED_DrawPoint                           0x080025f7   Thumb Code   140  oled.o(.text)
    OLED_Fill                                0x08002683   Thumb Code    58  oled.o(.text)
    OLED_ShowChar                            0x080026bd   Thumb Code   158  oled.o(.text)
    OLED_ShowCHinese                         0x0800275b   Thumb Code   132  oled.o(.text)
    oled_pow                                 0x080027df   Thumb Code    22  oled.o(.text)
    OLED_ShowNum                             0x080027f5   Thumb Code   148  oled.o(.text)
    OLED_ShowString                          0x08002889   Thumb Code    92  oled.o(.text)
    OLED_Init                                0x080028e5   Thumb Code   242  oled.o(.text)
    App_Send_Data                            0x080029dd   Thumb Code    82  dji_pro_app.o(.text)
    App_Complex_Send_Cmd                     0x08002a2f   Thumb Code    46  dji_pro_app.o(.text)
    rj_xtime                                 0x08002a65   Thumb Code    22  dji_pro_codec.o(.text)
    aes_subBytes                             0x08002a7b   Thumb Code    24  dji_pro_codec.o(.text)
    aes_subBytes_inv                         0x08002a93   Thumb Code    24  dji_pro_codec.o(.text)
    aes_addRoundKey                          0x08002aab   Thumb Code    28  dji_pro_codec.o(.text)
    aes_addRoundKey_cpy                      0x08002ac7   Thumb Code    38  dji_pro_codec.o(.text)
    aes_shiftRows                            0x08002aed   Thumb Code    50  dji_pro_codec.o(.text)
    aes_shiftRows_inv                        0x08002b1f   Thumb Code    50  dji_pro_codec.o(.text)
    aes_mixColumns                           0x08002b51   Thumb Code   124  dji_pro_codec.o(.text)
    aes_mixColumns_inv                       0x08002bcd   Thumb Code   182  dji_pro_codec.o(.text)
    aes_expandEncKey                         0x08002c83   Thumb Code   244  dji_pro_codec.o(.text)
    aes_expandDecKey                         0x08002d77   Thumb Code   254  dji_pro_codec.o(.text)
    aes256_init                              0x08002e75   Thumb Code    58  dji_pro_codec.o(.text)
    aes256_done                              0x08002eaf   Thumb Code    30  dji_pro_codec.o(.text)
    aes256_encrypt_ecb                       0x08002ecd   Thumb Code   116  dji_pro_codec.o(.text)
    aes256_decrypt_ecb                       0x08002f41   Thumb Code   108  dji_pro_codec.o(.text)
    crc16_update                             0x08002fad   Thumb Code    22  dji_pro_codec.o(.text)
    crc32_update                             0x08002fc3   Thumb Code    22  dji_pro_codec.o(.text)
    sdk_stream_crc16_calc                    0x08002fd9   Thumb Code    34  dji_pro_codec.o(.text)
    sdk_stream_crc32_calc                    0x08002ffb   Thumb Code    34  dji_pro_codec.o(.text)
    sdk_serial_set_hook                      0x0800301d   Thumb Code     6  dji_pro_codec.o(.text)
    sdk_stream_prepare                       0x08003023   Thumb Code    40  dji_pro_codec.o(.text)
    sdk_stream_codec                         0x0800304b   Thumb Code   140  dji_pro_codec.o(.text)
    sdk_call_data_app                        0x080030d7   Thumb Code    42  dji_pro_codec.o(.text)
    sdk_stream_shift_data                    0x08003101   Thumb Code    30  dji_pro_codec.o(.text)
    sdk_stream_store_data                    0x0800311f   Thumb Code    42  dji_pro_codec.o(.text)
    sdk_stream_update_reuse_part             0x08003149   Thumb Code    60  dji_pro_codec.o(.text)
    sdk_stream_verify_data                   0x08003185   Thumb Code    36  dji_pro_codec.o(.text)
    sdk_stream_verify_head                   0x080031a9   Thumb Code    80  dji_pro_codec.o(.text)
    sdk_check_stream_state                   0x080031f9   Thumb Code    46  dji_pro_codec.o(.text)
    sdk_byte_stream_handler                  0x08003227   Thumb Code    22  dji_pro_codec.o(.text)
    sdk_serial_byte_handle                   0x0800323d   Thumb Code    76  dji_pro_codec.o(.text)
    sdk_stream_recalc_crc                    0x08003289   Thumb Code   110  dji_pro_codec.o(.text)
    sdk_comm_set_key                         0x08003333   Thumb Code    24  dji_pro_codec.o(.text)
    sdk_set_encrypt_key_interface            0x0800334b   Thumb Code    14  dji_pro_codec.o(.text)
    sdk_encrypt_interface                    0x08003359   Thumb Code   278  dji_pro_codec.o(.text)
    Request_Send_MMU                         0x08003489   Thumb Code    54  dji_pro_link.o(.text)
    Free_Send_MMU                            0x080034bf   Thumb Code    12  dji_pro_link.o(.text)
    Request_Send_Session                     0x080034cb   Thumb Code    84  dji_pro_link.o(.text)
    Free_Send_Session                        0x0800351f   Thumb Code    28  dji_pro_link.o(.text)
    Pro_Link_Setup                           0x0800353b   Thumb Code   136  dji_pro_link.o(.text)
    Pro_Config_Comm_Encrypt_Key              0x080035c3   Thumb Code    12  dji_pro_link.o(.text)
    Pro_Send_Interface                       0x080035cf   Thumb Code   312  dji_pro_link.o(.text)
    Pro_Receive_Interface                    0x08003707   Thumb Code   324  dji_pro_link.o(.text)
    DJI_Pro_Test_Setup                       0x08003871   Thumb Code    48  dji_pro_test.o(.text)
    DJI_Onboard_API_Activation               0x080038a1   Thumb Code    36  dji_pro_test.o(.text)
    DJI_Onboard_API_Control                  0x080038c5   Thumb Code    38  dji_pro_test.o(.text)
    DJI_Onboard_API_UAV_Control              0x080038eb   Thumb Code    14  dji_pro_test.o(.text)
    DJI_Onboard_API_Ctr                      0x080038f9   Thumb Code    96  dji_pro_test.o(.text)
    DJI_Onboard_API_Ctr_drawcube             0x08003959   Thumb Code   438  dji_pro_test.o(.text)
    DJI_Onboard_API_Ctr_drawcircle           0x08003b0f   Thumb Code   170  dji_pro_test.o(.text)
    DJI_Onboard_API_String                   0x08003bb9   Thumb Code    74  dji_pro_test.o(.text)
    DJI_Onboard_API_DataTran                 0x08003c03   Thumb Code    48  dji_pro_test.o(.text)
    _sys_exit                                0x08003c75   Thumb Code     6  usart.o(.text)
    fputc                                    0x08003c7b   Thumb Code    22  usart.o(.text)
    uart_init                                0x08003c91   Thumb Code   158  usart.o(.text)
    USART1_SendBuffer                        0x08003d2f   Thumb Code    50  usart.o(.text)
    __use_no_semihosting                     0x08003d69   Thumb Code     2  use_no_semi_2.o(.text)
    __0sscanf                                0x08003d6d   Thumb Code    52  __0sscanf.o(.text)
    _scanf_int                               0x08003da9   Thumb Code   336  _scanf_int.o(.text)
    strlen                                   0x08003ef9   Thumb Code    62  strlen.o(.text)
    __aeabi_memcpy                           0x08003f37   Thumb Code     0  rt_memcpy_v6.o(.text)
    __rt_memcpy                              0x08003f37   Thumb Code   138  rt_memcpy_v6.o(.text)
    _memcpy_lastbytes                        0x08003f9d   Thumb Code     0  rt_memcpy_v6.o(.text)
    __aeabi_memmove                          0x08003fc1   Thumb Code     0  rt_memmove_v6.o(.text)
    __rt_memmove                             0x08003fc1   Thumb Code   132  rt_memmove_v6.o(.text)
    __memmove_lastfew                        0x08004021   Thumb Code     0  rt_memmove_v6.o(.text)
    __aeabi_memcpy4                          0x08004045   Thumb Code     0  rt_memcpy_w.o(.text)
    __aeabi_memcpy8                          0x08004045   Thumb Code     0  rt_memcpy_w.o(.text)
    __rt_memcpy_w                            0x08004045   Thumb Code   100  rt_memcpy_w.o(.text)
    _memcpy_lastbytes_aligned                0x0800408d   Thumb Code     0  rt_memcpy_w.o(.text)
    __aeabi_memclr                           0x080040a9   Thumb Code     0  rt_memclr.o(.text)
    __rt_memclr                              0x080040a9   Thumb Code    68  rt_memclr.o(.text)
    _memset                                  0x080040ad   Thumb Code     0  rt_memclr.o(.text)
    __aeabi_memclr4                          0x080040ed   Thumb Code     0  rt_memclr_w.o(.text)
    __aeabi_memclr8                          0x080040ed   Thumb Code     0  rt_memclr_w.o(.text)
    __rt_memclr_w                            0x080040ed   Thumb Code    78  rt_memclr_w.o(.text)
    _memset_w                                0x080040f1   Thumb Code     0  rt_memclr_w.o(.text)
    __use_two_region_memory                  0x0800413b   Thumb Code     2  heapauxi.o(.text)
    __rt_heap_escrow$2region                 0x0800413d   Thumb Code     2  heapauxi.o(.text)
    __rt_heap_expand$2region                 0x0800413f   Thumb Code     2  heapauxi.o(.text)
    __I$use$semihosting                      0x08004141   Thumb Code     0  use_no_semi.o(.text)
    __use_no_semihosting_swi                 0x08004141   Thumb Code     2  use_no_semi.o(.text)
    __read_errno                             0x08004143   Thumb Code    10  _rserrno.o(.text)
    __set_errno                              0x0800414d   Thumb Code    12  _rserrno.o(.text)
    _chval                                   0x08004159   Thumb Code    28  _chval.o(.text)
    __vfscanf_char                           0x08004181   Thumb Code    24  scanf_char.o(.text)
    _sgetc                                   0x080041a1   Thumb Code    30  _sgetc.o(.text)
    _sbackspace                              0x080041bf   Thumb Code    34  _sgetc.o(.text)
    __aeabi_memmove4                         0x080041e1   Thumb Code     0  rt_memmove_w.o(.text)
    __aeabi_memmove8                         0x080041e1   Thumb Code     0  rt_memmove_w.o(.text)
    __rt_memmove_w                           0x080041e1   Thumb Code   122  rt_memmove_w.o(.text)
    __memmove_aligned                        0x08004207   Thumb Code     0  rt_memmove_w.o(.text)
    __memmove_lastfew_aligned                0x0800423f   Thumb Code     0  rt_memmove_w.o(.text)
    __aeabi_errno_addr                       0x0800425d   Thumb Code     8  rt_errno_addr_intlibspace.o(.text)
    __errno$intlibspace                      0x0800425d   Thumb Code     0  rt_errno_addr_intlibspace.o(.text)
    __rt_errno_addr$intlibspace              0x0800425d   Thumb Code     0  rt_errno_addr_intlibspace.o(.text)
    isspace                                  0x08004265   Thumb Code    18  isspace.o(.text)
    __vfscanf                                0x08004279   Thumb Code   876  _scanf.o(.text)
    __user_libspace                          0x080045e9   Thumb Code     8  libspace.o(.text)
    __user_perproc_libspace                  0x080045e9   Thumb Code     0  libspace.o(.text)
    __user_perthread_libspace                0x080045e9   Thumb Code     0  libspace.o(.text)
    __user_setup_stackheap                   0x080045f1   Thumb Code    74  sys_stackheap_outer.o(.text)
    __rt_ctype_table                         0x0800463d   Thumb Code    16  rt_ctype_table.o(.text)
    exit                                     0x0800464d   Thumb Code    12  exit.o(.text)
    __rt_locale                              0x08004659   Thumb Code     8  rt_locale_intlibspace.o(.text)
    strcmp                                   0x08004661   Thumb Code   128  strcmpv7m.o(.text)
    __ARM_fpclassify                         0x080046e1   Thumb Code    40  fpclassify.o(i.__ARM_fpclassify)
    __ieee754_rem_pio2                       0x08004709   Thumb Code   832  rred.o(i.__ieee754_rem_pio2)
    __kernel_cos                             0x08004a91   Thumb Code   230  cos_i.o(i.__kernel_cos)
    __kernel_poly                            0x08004b8d   Thumb Code   170  poly.o(i.__kernel_poly)
    __kernel_sin                             0x08004c39   Thumb Code   224  sin_i.o(i.__kernel_sin)
    __mathlib_dbl_underflow                  0x08004d25   Thumb Code    10  dunder.o(i.__mathlib_dbl_underflow)
    cos                                      0x08004d35   Thumb Code   164  cos.o(i.cos)
    sin                                      0x08004de1   Thumb Code   166  sin.o(i.sin)
    _get_lc_ctype                            0x08004e91   Thumb Code    44  lc_ctype_c.o(locale$$code)
    __aeabi_d2f                              0x08004ebd   Thumb Code     0  d2f.o(x$fpl$d2f)
    _d2f                                     0x08004ebd   Thumb Code    98  d2f.o(x$fpl$d2f)
    __aeabi_dadd                             0x08004f21   Thumb Code     0  daddsub_clz.o(x$fpl$dadd)
    _dadd                                    0x08004f21   Thumb Code   332  daddsub_clz.o(x$fpl$dadd)
    __fpl_dcheck_NaN1                        0x08005071   Thumb Code    10  dcheck1.o(x$fpl$dcheck1)
    __aeabi_ddiv                             0x08005081   Thumb Code     0  ddiv.o(x$fpl$ddiv)
    _ddiv                                    0x08005081   Thumb Code   552  ddiv.o(x$fpl$ddiv)
    __aeabi_d2iz                             0x08005331   Thumb Code     0  dfix.o(x$fpl$dfix)
    _dfix                                    0x08005331   Thumb Code    94  dfix.o(x$fpl$dfix)
    __aeabi_i2d                              0x0800538f   Thumb Code     0  dflt_clz.o(x$fpl$dflt)
    _dflt                                    0x0800538f   Thumb Code    46  dflt_clz.o(x$fpl$dflt)
    __aeabi_ui2d                             0x080053bd   Thumb Code     0  dflt_clz.o(x$fpl$dfltu)
    _dfltu                                   0x080053bd   Thumb Code    38  dflt_clz.o(x$fpl$dfltu)
    __aeabi_dmul                             0x080053e5   Thumb Code     0  dmul.o(x$fpl$dmul)
    _dmul                                    0x080053e5   Thumb Code   332  dmul.o(x$fpl$dmul)
    __fpl_dnaninf                            0x08005539   Thumb Code   156  dnaninf.o(x$fpl$dnaninf)
    __fpl_dretinf                            0x080055d5   Thumb Code    12  dretinf.o(x$fpl$dretinf)
    __aeabi_drsub                            0x080055e1   Thumb Code     0  daddsub_clz.o(x$fpl$drsb)
    _drsb                                    0x080055e1   Thumb Code    22  daddsub_clz.o(x$fpl$drsb)
    __aeabi_dsub                             0x080055f9   Thumb Code     0  daddsub_clz.o(x$fpl$dsub)
    _dsub                                    0x080055f9   Thumb Code   464  daddsub_clz.o(x$fpl$dsub)
    __fpl_fretinf                            0x080057cd   Thumb Code    10  fretinf.o(x$fpl$fretinf)
    __fpl_return_NaN                         0x080057d7   Thumb Code   100  retnan.o(x$fpl$retnan)
    __ARM_scalbn                             0x0800583b   Thumb Code    92  scalbn.o(x$fpl$scalbn)
    __fpl_cmpreturn                          0x08005897   Thumb Code    48  trapv.o(x$fpl$trapveneer)
    __I$use$fp                               0x080058c6   Number         0  usenofp.o(x$fpl$usenofp)
    SystemFrequency                          0x080058c8   Data           4  system_stm32f10x.o(.constdata)
    SystemFrequency_SysClk                   0x080058cc   Data           4  system_stm32f10x.o(.constdata)
    SystemFrequency_AHBClk                   0x080058d0   Data           4  system_stm32f10x.o(.constdata)
    SystemFrequency_APB1Clk                  0x080058d4   Data           4  system_stm32f10x.o(.constdata)
    SystemFrequency_APB2Clk                  0x080058d8   Data           4  system_stm32f10x.o(.constdata)
    oled_asc2_1206                           0x080058dc   Data        1140  oled.o(.constdata)
    oled_asc2_1608                           0x08005d50   Data        1520  oled.o(.constdata)
    CHINESE                                  0x08006340   Data         352  oled.o(.constdata)
    sbox                                     0x080064a0   Data         256  dji_pro_codec.o(.constdata)
    sboxinv                                  0x080065a0   Data         256  dji_pro_codec.o(.constdata)
    CRC_INIT                                 0x080066a0   Data           2  dji_pro_codec.o(.constdata)
    Region$$Table$$Base                      0x08006808   Number         0  anon$$obj.o(Region$$Table)
    Region$$Table$$Limit                     0x08006828   Number         0  anon$$obj.o(Region$$Table)
    __ctype                                  0x08006835   Data           0  lc_ctype_c.o(locale$$data)
    Key0_Value                               0x20000014   Data           1  main.o(.data)
    Key1_Value                               0x20000015   Data           1  main.o(.data)
    data                                     0x20000016   Data          10  main.o(.data)
    t                                        0x20000020   Data           1  main.o(.data)
    capture                                  0x20000022   Data           2  stm32f10x_it.o(.data)
    CCR1_Val                                 0x20000024   Data           2  bsp_config.o(.data)
    CCR2_Val                                 0x20000026   Data           2  bsp_config.o(.data)
    crc_tab16                                0x2000002c   Data         512  dji_pro_codec.o(.data)
    crc_tab32                                0x2000022c   Data        1024  dji_pro_codec.o(.data)
    serial_hook                              0x2000062c   Data           4  dji_pro_codec.o(.data)
    Activation_Ack                           0x20000630   Data           1  dji_pro_link.o(.data)
    GetControl_Ack                           0x20000631   Data           1  dji_pro_link.o(.data)
    i                                        0x20000634   Data           1  dji_pro_link.o(.data)
    OLED_GRAM                                0x20000668   Data        1024  oled.o(.bss)
    serial_sdk                               0x20000e74   Data         340  dji_pro_codec.o(.bss)
    RecBuff                                  0x20000fc8   Data         160  dji_pro_link.o(.bss)
    DataFromMobile                           0x200053b0   Data        1008  dji_pro_link.o(.bss)
    __libspace_start                         0x200057a0   Data          96  libspace.o(.bss)
    __temporary_stack_top$libspace           0x20005800   Data           0  libspace.o(.bss)



==============================================================================

Memory Map of the image

  Image Entry point : 0x08000131

  Load Region LR_IROM1 (Base: 0x08000000, Size: 0x00006fa0, Max: 0x00040000, ABSOLUTE, COMPRESSED[0x00006f80])

    Execution Region ER_IROM1 (Base: 0x08000000, Size: 0x00006938, Max: 0x00040000, ABSOLUTE)

    Base Addr    Size         Type   Attr      Idx    E Section Name        Object

    0x08000000   0x00000130   Data   RO          369    RESET               startup_stm32f10x_hd.o
    0x08000130   0x00000008   Code   RO          696  * !!!main             c_w.l(__main.o)
    0x08000138   0x00000034   Code   RO          956    !!!scatter          c_w.l(__scatter.o)
    0x0800016c   0x00000064   Code   RO          954    !!dclz77c           c_w.l(__dclz77c.o)
    0x080001d0   0x0000001c   Code   RO          958    !!handler_zi        c_w.l(__scatter_zi.o)
    0x080001ec   0x00000002   Code   RO          820    .ARM.Collect$$libinit$$00000000  c_w.l(libinit.o)
    0x080001ee   0x00000000   Code   RO          834    .ARM.Collect$$libinit$$00000002  c_w.l(libinit2.o)
    0x080001ee   0x00000000   Code   RO          837    .ARM.Collect$$libinit$$00000008  c_w.l(libinit2.o)
    0x080001ee   0x00000000   Code   RO          839    .ARM.Collect$$libinit$$0000000A  c_w.l(libinit2.o)
    0x080001ee   0x00000000   Code   RO          841    .ARM.Collect$$libinit$$0000000C  c_w.l(libinit2.o)
    0x080001ee   0x00000006   Code   RO          842    .ARM.Collect$$libinit$$0000000D  c_w.l(libinit2.o)
    0x080001f4   0x00000000   Code   RO          844    .ARM.Collect$$libinit$$0000000F  c_w.l(libinit2.o)
    0x080001f4   0x0000000c   Code   RO          845    .ARM.Collect$$libinit$$00000010  c_w.l(libinit2.o)
    0x08000200   0x00000000   Code   RO          846    .ARM.Collect$$libinit$$00000011  c_w.l(libinit2.o)
    0x08000200   0x00000000   Code   RO          848    .ARM.Collect$$libinit$$00000013  c_w.l(libinit2.o)
    0x08000200   0x00000000   Code   RO          850    .ARM.Collect$$libinit$$00000015  c_w.l(libinit2.o)
    0x08000200   0x00000000   Code   RO          852    .ARM.Collect$$libinit$$00000017  c_w.l(libinit2.o)
    0x08000200   0x00000000   Code   RO          854    .ARM.Collect$$libinit$$00000019  c_w.l(libinit2.o)
    0x08000200   0x00000000   Code   RO          856    .ARM.Collect$$libinit$$0000001B  c_w.l(libinit2.o)
    0x08000200   0x00000000   Code   RO          858    .ARM.Collect$$libinit$$0000001D  c_w.l(libinit2.o)
    0x08000200   0x00000000   Code   RO          860    .ARM.Collect$$libinit$$0000001F  c_w.l(libinit2.o)
    0x08000200   0x00000000   Code   RO          862    .ARM.Collect$$libinit$$00000021  c_w.l(libinit2.o)
    0x08000200   0x00000000   Code   RO          864    .ARM.Collect$$libinit$$00000023  c_w.l(libinit2.o)
    0x08000200   0x00000000   Code   RO          868    .ARM.Collect$$libinit$$0000002A  c_w.l(libinit2.o)
    0x08000200   0x00000000   Code   RO          870    .ARM.Collect$$libinit$$0000002C  c_w.l(libinit2.o)
    0x08000200   0x00000000   Code   RO          872    .ARM.Collect$$libinit$$0000002E  c_w.l(libinit2.o)
    0x08000200   0x00000000   Code   RO          874    .ARM.Collect$$libinit$$00000030  c_w.l(libinit2.o)
    0x08000200   0x00000002   Code   RO          875    .ARM.Collect$$libinit$$00000031  c_w.l(libinit2.o)
    0x08000202   0x00000002   Code   RO          897    .ARM.Collect$$libshutdown$$00000000  c_w.l(libshutdown.o)
    0x08000204   0x00000000   Code   RO          908    .ARM.Collect$$libshutdown$$00000003  c_w.l(libshutdown2.o)
    0x08000204   0x00000000   Code   RO          911    .ARM.Collect$$libshutdown$$00000006  c_w.l(libshutdown2.o)
    0x08000204   0x00000000   Code   RO          914    .ARM.Collect$$libshutdown$$00000009  c_w.l(libshutdown2.o)
    0x08000204   0x00000000   Code   RO          916    .ARM.Collect$$libshutdown$$0000000B  c_w.l(libshutdown2.o)
    0x08000204   0x00000000   Code   RO          919    .ARM.Collect$$libshutdown$$0000000E  c_w.l(libshutdown2.o)
    0x08000204   0x00000002   Code   RO          920    .ARM.Collect$$libshutdown$$0000000F  c_w.l(libshutdown2.o)
    0x08000206   0x00000000   Code   RO          726    .ARM.Collect$$rtentry$$00000000  c_w.l(rtentry.o)
    0x08000206   0x00000000   Code   RO          765    .ARM.Collect$$rtentry$$00000002  c_w.l(rtentry2.o)
    0x08000206   0x00000006   Code   RO          777    .ARM.Collect$$rtentry$$00000004  c_w.l(rtentry4.o)
    0x0800020c   0x00000000   Code   RO          767    .ARM.Collect$$rtentry$$00000009  c_w.l(rtentry2.o)
    0x0800020c   0x00000004   Code   RO          768    .ARM.Collect$$rtentry$$0000000A  c_w.l(rtentry2.o)
    0x08000210   0x00000000   Code   RO          770    .ARM.Collect$$rtentry$$0000000C  c_w.l(rtentry2.o)
    0x08000210   0x00000008   Code   RO          771    .ARM.Collect$$rtentry$$0000000D  c_w.l(rtentry2.o)
    0x08000218   0x00000002   Code   RO          823    .ARM.Collect$$rtexit$$00000000  c_w.l(rtexit.o)
    0x0800021a   0x00000000   Code   RO          879    .ARM.Collect$$rtexit$$00000002  c_w.l(rtexit2.o)
    0x0800021a   0x00000004   Code   RO          880    .ARM.Collect$$rtexit$$00000003  c_w.l(rtexit2.o)
    0x0800021e   0x00000006   Code   RO          881    .ARM.Collect$$rtexit$$00000004  c_w.l(rtexit2.o)
    0x08000224   0x000000dc   Code   RO            1    .text               misc.o
    0x08000300   0x0000032c   Code   RO           71    .text               stm32f10x_gpio.o
    0x0800062c   0x000003a0   Code   RO          128    .text               stm32f10x_rcc.o
    0x080009cc   0x00000300   Code   RO          172    .text               stm32f10x_spi.o
    0x08000ccc   0x00000bc6   Code   RO          184    .text               stm32f10x_tim.o
    0x08001892   0x00000002   PAD
    0x08001894   0x00000370   Code   RO          196    .text               stm32f10x_usart.o
    0x08001c04   0x00000048   Code   RO          370    .text               startup_stm32f10x_hd.o
    0x08001c4c   0x00000138   Code   RO          385    .text               system_stm32f10x.o
    0x08001d84   0x00000240   Code   RO          403    .text               main.o
    0x08001fc4   0x0000012c   Code   RO          437    .text               stm32f10x_it.o
    0x080020f0   0x000003ec   Code   RO          456    .text               bsp_config.o
    0x080024dc   0x00000500   Code   RO          492    .text               oled.o
    0x080029dc   0x00000088   Code   RO          511    .text               dji_pro_app.o
    0x08002a64   0x00000a10   Code   RO          535    .text               dji_pro_codec.o
    0x08003474   0x000003fc   Code   RO          552    .text               dji_pro_link.o
    0x08003870   0x00000404   Code   RO          626    .text               dji_pro_test.o
    0x08003c74   0x000000f4   Code   RO          655    .text               usart.o
    0x08003d68   0x00000002   Code   RO          676    .text               c_w.l(use_no_semi_2.o)
    0x08003d6a   0x00000002   PAD
    0x08003d6c   0x0000003c   Code   RO          678    .text               c_w.l(__0sscanf.o)
    0x08003da8   0x00000150   Code   RO          680    .text               c_w.l(_scanf_int.o)
    0x08003ef8   0x0000003e   Code   RO          682    .text               c_w.l(strlen.o)
    0x08003f36   0x0000008a   Code   RO          684    .text               c_w.l(rt_memcpy_v6.o)
    0x08003fc0   0x00000084   Code   RO          686    .text               c_w.l(rt_memmove_v6.o)
    0x08004044   0x00000064   Code   RO          688    .text               c_w.l(rt_memcpy_w.o)
    0x080040a8   0x00000044   Code   RO          690    .text               c_w.l(rt_memclr.o)
    0x080040ec   0x0000004e   Code   RO          692    .text               c_w.l(rt_memclr_w.o)
    0x0800413a   0x00000006   Code   RO          694    .text               c_w.l(heapauxi.o)
    0x08004140   0x00000002   Code   RO          724    .text               c_w.l(use_no_semi.o)
    0x08004142   0x00000016   Code   RO          727    .text               c_w.l(_rserrno.o)
    0x08004158   0x0000001c   Code   RO          729    .text               c_w.l(_chval.o)
    0x08004174   0x0000002c   Code   RO          731    .text               c_w.l(scanf_char.o)
    0x080041a0   0x00000040   Code   RO          733    .text               c_w.l(_sgetc.o)
    0x080041e0   0x0000007a   Code   RO          735    .text               c_w.l(rt_memmove_w.o)
    0x0800425a   0x00000002   PAD
    0x0800425c   0x00000008   Code   RO          782    .text               c_w.l(rt_errno_addr_intlibspace.o)
    0x08004264   0x00000012   Code   RO          784    .text               c_w.l(isspace.o)
    0x08004276   0x00000002   PAD
    0x08004278   0x00000370   Code   RO          786    .text               c_w.l(_scanf.o)
    0x080045e8   0x00000008   Code   RO          806    .text               c_w.l(libspace.o)
    0x080045f0   0x0000004a   Code   RO          809    .text               c_w.l(sys_stackheap_outer.o)
    0x0800463a   0x00000002   PAD
    0x0800463c   0x00000010   Code   RO          811    .text               c_w.l(rt_ctype_table.o)
    0x0800464c   0x0000000c   Code   RO          813    .text               c_w.l(exit.o)
    0x08004658   0x00000008   Code   RO          828    .text               c_w.l(rt_locale_intlibspace.o)
    0x08004660   0x00000080   Code   RO          885    .text               c_w.l(strcmpv7m.o)
    0x080046e0   0x00000028   Code   RO          802    i.__ARM_fpclassify  m_ws.l(fpclassify.o)
    0x08004708   0x00000388   Code   RO          753    i.__ieee754_rem_pio2  m_ws.l(rred.o)
    0x08004a90   0x000000fc   Code   RO          750    i.__kernel_cos      m_ws.l(cos_i.o)
    0x08004b8c   0x000000aa   Code   RO          804    i.__kernel_poly     m_ws.l(poly.o)
    0x08004c36   0x00000002   PAD
    0x08004c38   0x000000ec   Code   RO          758    i.__kernel_sin      m_ws.l(sin_i.o)
    0x08004d24   0x00000010   Code   RO          800    i.__mathlib_dbl_underflow  m_ws.l(dunder.o)
    0x08004d34   0x000000ac   Code   RO          709    i.cos               m_ws.l(cos.o)
    0x08004de0   0x000000b0   Code   RO          717    i.sin               m_ws.l(sin.o)
    0x08004e90   0x0000002c   Code   RO          831    locale$$code        c_w.l(lc_ctype_c.o)
    0x08004ebc   0x00000062   Code   RO          698    x$fpl$d2f           fz_ws.l(d2f.o)
    0x08004f1e   0x00000002   PAD
    0x08004f20   0x00000150   Code   RO          788    x$fpl$dadd          fz_ws.l(daddsub_clz.o)
    0x08005070   0x00000010   Code   RO          794    x$fpl$dcheck1       fz_ws.l(dcheck1.o)
    0x08005080   0x000002b0   Code   RO          738    x$fpl$ddiv          fz_ws.l(ddiv.o)
    0x08005330   0x0000005e   Code   RO          796    x$fpl$dfix          fz_ws.l(dfix.o)
    0x0800538e   0x0000002e   Code   RO          701    x$fpl$dflt          fz_ws.l(dflt_clz.o)
    0x080053bc   0x00000026   Code   RO          700    x$fpl$dfltu         fz_ws.l(dflt_clz.o)
    0x080053e2   0x00000002   PAD
    0x080053e4   0x00000154   Code   RO          706    x$fpl$dmul          fz_ws.l(dmul.o)
    0x08005538   0x0000009c   Code   RO          741    x$fpl$dnaninf       fz_ws.l(dnaninf.o)
    0x080055d4   0x0000000c   Code   RO          743    x$fpl$dretinf       fz_ws.l(dretinf.o)
    0x080055e0   0x00000016   Code   RO          789    x$fpl$drsb          fz_ws.l(daddsub_clz.o)
    0x080055f6   0x00000002   PAD
    0x080055f8   0x000001d4   Code   RO          790    x$fpl$dsub          fz_ws.l(daddsub_clz.o)
    0x080057cc   0x0000000a   Code   RO          745    x$fpl$fretinf       fz_ws.l(fretinf.o)
    0x080057d6   0x00000064   Code   RO          821    x$fpl$retnan        fz_ws.l(retnan.o)
    0x0800583a   0x0000005c   Code   RO          747    x$fpl$scalbn        fz_ws.l(scalbn.o)
    0x08005896   0x00000030   Code   RO          876    x$fpl$trapveneer    fz_ws.l(trapv.o)
    0x080058c6   0x00000000   Code   RO          749    x$fpl$usenofp       fz_ws.l(usenofp.o)
    0x080058c6   0x00000002   PAD
    0x080058c8   0x00000014   Data   RO          386    .constdata          system_stm32f10x.o
    0x080058dc   0x00000bc4   Data   RO          494    .constdata          oled.o
    0x080064a0   0x00000202   Data   RO          537    .constdata          dji_pro_codec.o
    0x080066a2   0x00000002   PAD
    0x080066a4   0x00000041   Data   RO          627    .constdata          dji_pro_test.o
    0x080066e5   0x00000003   PAD
    0x080066e8   0x00000030   Data   RO          751    .constdata          m_ws.l(cos_i.o)
    0x08006718   0x000000c8   Data   RO          755    .constdata          m_ws.l(rred.o)
    0x080067e0   0x00000028   Data   RO          759    .constdata          m_ws.l(sin_i.o)
    0x08006808   0x00000020   Data   RO          952    Region$$Table       anon$$obj.o
    0x08006828   0x00000110   Data   RO          830    locale$$data        c_w.l(lc_ctype_c.o)


    Execution Region RW_IRAM1 (Base: 0x20000000, Size: 0x00005a00, Max: 0x0000c000, ABSOLUTE, COMPRESSED[0x00000648])

    Base Addr    Size         Type   Attr      Idx    E Section Name        Object

    0x20000000   0x00000014   Data   RW          129    .data               stm32f10x_rcc.o
    0x20000014   0x0000000d   Data   RW          404    .data               main.o
    0x20000021   0x00000001   PAD
    0x20000022   0x00000002   Data   RW          438    .data               stm32f10x_it.o
    0x20000024   0x00000008   Data   RW          457    .data               bsp_config.o
    0x2000002c   0x00000604   Data   RW          538    .data               dji_pro_codec.o
    0x20000630   0x00000005   Data   RW          554    .data               dji_pro_link.o
    0x20000635   0x00000003   PAD
    0x20000638   0x00000030   Data   RW          628    .data               dji_pro_test.o
    0x20000668   0x00000400   Zero   RW          493    .bss                oled.o
    0x20000a68   0x0000040c   Zero   RW          512    .bss                dji_pro_app.o
    0x20000e74   0x00000154   Zero   RW          536    .bss                dji_pro_codec.o
    0x20000fc8   0x000047d8   Zero   RW          553    .bss                dji_pro_link.o
    0x200057a0   0x00000060   Zero   RW          807    .bss                c_w.l(libspace.o)
    0x20005800   0x00000000   Zero   RW          368    HEAP                startup_stm32f10x_hd.o
    0x20005800   0x00000200   Zero   RW          367    STACK               startup_stm32f10x_hd.o


==============================================================================

Image component sizes


      Code (inc. data)   RO Data    RW Data    ZI Data      Debug   Object Name

      1004         48          0          8          0       7572   bsp_config.o
       136          8          0          0       1036       1545   dji_pro_app.o
      2576         34        514       1540        340      11194   dji_pro_codec.o
      1020         38          0          5      18392     205033   dji_pro_link.o
      1028         66         65         48          0       6072   dji_pro_test.o
       576        170          0         13          0       7774   main.o
       220         20          0          0          0     258565   misc.o
      1280         30       3012          0       1024       5159   oled.o
        72         26        304          0        512        884   startup_stm32f10x_hd.o
       812         18          0          0          0       5223   stm32f10x_gpio.o
       300         26          0          2          0       1874   stm32f10x_it.o
       928         44          0         20          0       8864   stm32f10x_rcc.o
       768          6          0          0          0       6370   stm32f10x_spi.o
      3014         16          0          0          0      23932   stm32f10x_tim.o
       880         12          0          0          0       7843   stm32f10x_usart.o
       312         18         20          0          0       1725   system_stm32f10x.o
       244          8          0          0          0       2801   usart.o

    ----------------------------------------------------------------------
     15172        588       3952       1640      21304     562430   Object Totals
         0          0         32          0          0          0   (incl. Generated)
         2          0          5          4          0          0   (incl. Padding)

    ----------------------------------------------------------------------

      Code (inc. data)   RO Data    RW Data    ZI Data      Debug   Library Member Name

        60          8          0          0          0         84   __0sscanf.o
       100          0          0          0          0          0   __dclz77c.o
         8          0          0          0          0         68   __main.o
        52          8          0          0          0          0   __scatter.o
        28          0          0          0          0          0   __scatter_zi.o
        28          0          0          0          0         68   _chval.o
        22          0          0          0          0        100   _rserrno.o
       880          4          0          0          0        100   _scanf.o
       336          0          0          0          0         96   _scanf_int.o
        64          0          0          0          0         84   _sgetc.o
        12          0          0          0          0         72   exit.o
         6          0          0          0          0        152   heapauxi.o
        18          0          0          0          0         76   isspace.o
        44         10        272          0          0         76   lc_ctype_c.o
         2          0          0          0          0          0   libinit.o
        20          0          0          0          0          0   libinit2.o
         2          0          0          0          0          0   libshutdown.o
         2          0          0          0          0          0   libshutdown2.o
         8          4          0          0         96         68   libspace.o
        16          4          0          0          0         76   rt_ctype_table.o
         8          4          0          0          0         68   rt_errno_addr_intlibspace.o
         8          4          0          0          0         68   rt_locale_intlibspace.o
        68          0          0          0          0         68   rt_memclr.o
        78          0          0          0          0         80   rt_memclr_w.o
       138          0          0          0          0         68   rt_memcpy_v6.o
       100          0          0          0          0         80   rt_memcpy_w.o
       132          0          0          0          0         68   rt_memmove_v6.o
       122          0          0          0          0         80   rt_memmove_w.o
         0          0          0          0          0          0   rtentry.o
        12          0          0          0          0          0   rtentry2.o
         6          0          0          0          0          0   rtentry4.o
         2          0          0          0          0          0   rtexit.o
        10          0          0          0          0          0   rtexit2.o
        44          8          0          0          0         84   scanf_char.o
       128          0          0          0          0         68   strcmpv7m.o
        62          0          0          0          0         76   strlen.o
        74          0          0          0          0         80   sys_stackheap_outer.o
         2          0          0          0          0         68   use_no_semi.o
         2          0          0          0          0         68   use_no_semi_2.o
        98          4          0          0          0         92   d2f.o
       826         16          0          0          0        348   daddsub_clz.o
        16          4          0          0          0         68   dcheck1.o
       688        140          0          0          0        208   ddiv.o
        94          4          0          0          0         92   dfix.o
        84          0          0          0          0        136   dflt_clz.o
       340         12          0          0          0        104   dmul.o
       156          4          0          0          0         92   dnaninf.o
        12          0          0          0          0         68   dretinf.o
        10          0          0          0          0         68   fretinf.o
       100          0          0          0          0         68   retnan.o
        92          0          0          0          0         68   scalbn.o
        48          0          0          0          0         68   trapv.o
         0          0          0          0          0          0   usenofp.o
       172          8          0          0          0        112   cos.o
       252         22         48          0          0        124   cos_i.o
        16          6          0          0          0         68   dunder.o
        40          0          0          0          0         68   fpclassify.o
       170          0          0          0          0         96   poly.o
       904         72        200          0          0        140   rred.o
       176         10          0          0          0        116   sin.o
       236         12         40          0          0        128   sin_i.o

    ----------------------------------------------------------------------
      7252        368        560          0         96       4476   Library Totals
        18          0          0          0          0          0   (incl. Padding)

    ----------------------------------------------------------------------

      Code (inc. data)   RO Data    RW Data    ZI Data      Debug   Library Name

      2704         54        272          0         96       2144   c_w.l
      2564        184          0          0          0       1480   fz_ws.l
      1966        130        288          0          0        852   m_ws.l

    ----------------------------------------------------------------------
      7252        368        560          0         96       4476   Library Totals

    ----------------------------------------------------------------------

==============================================================================


      Code (inc. data)   RO Data    RW Data    ZI Data      Debug   

     22424        956       4512       1640      21400     562642   Grand Totals
     22424        956       4512       1608      21400     562642   ELF Image Totals (compressed)
     22424        956       4512       1608          0          0   ROM Totals

==============================================================================

    Total RO  Size (Code + RO Data)                26936 (  26.30kB)
    Total RW  Size (RW Data + ZI Data)             23040 (  22.50kB)
    Total ROM Size (Code + RO Data + RW Data)      28544 (  27.88kB)

==============================================================================

