<html>
<body>
<pre>
<h1>礦ision Build Log</h1>
<h2>Project:</h2>
G:\无人机定位\DJI_M100_STM32SDK\MDK-Proj\DJI_STM32_SDK.uvproj
Project File Date:  08/25/2015

<h2>Output:</h2>
Build target 'DJI_STM32_SDK'
assembling startup_stm32f10x_hd.s...
linking...
Program Size: Code=22424 RO-data=4512 RW-data=1640 ZI-data=21400  
FromELF: creating hex file...
".\DJI_STM32_SDK.axf" - 0 Error(s), 0 Warning(s).
</pre>
</body>
</html>
.
errors
linking...
Program Size: Code=22424 RO-data=4512 RW-data=1640 ZI-data=21400  
FromELF: creating hex file...
".\DJI_STM32_SDK.axf" - 0 Error(s), 1 Warning(s).
