<html>
<body>
<pre>
<h1>礦ision Build Log</h1>
<h2>Project:</h2>
C:\Users\HaiPiao\Desktop\无人机定位\DJI_M100_STM32SDK\MDK-Proj\DJI_STM32_SDK.uvproj
Project File Date:  08/25/2015

<h2>Output:</h2>
Build target 'DJI_STM32_SDK'
compiling misc.c...
compiling stm32f10x_gpio.c...
compiling stm32f10x_i2c.c...
compiling stm32f10x_iwdg.c...
compiling stm32f10x_pwr.c...
compiling stm32f10x_rcc.c...
compiling stm32f10x_rtc.c...
compiling stm32f10x_sdio.c...
compiling stm32f10x_spi.c...
compiling stm32f10x_tim.c...
compiling stm32f10x_usart.c...
compiling stm32f10x_wwdg.c...
compiling stm32f10x_adc.c...
compiling stm32f10x_bkp.c...
compiling stm32f10x_can.c...
compiling stm32f10x_crc.c...
compiling stm32f10x_dac.c...
compiling stm32f10x_dbgmcu.c...
compiling stm32f10x_dma.c...
compiling stm32f10x_exti.c...
compiling stm32f10x_flash.c...
compiling stm32f10x_fsmc.c...
assembling startup_stm32f10x_hd.s...
compiling core_cm3.c...
compiling system_stm32f10x.c...
compiling main.c...
compiling stm32f10x_it.c...
compiling BSP_Config.c...
compiling CRC.c...
compiling oled.c...
compiling DJI_Pro_App.c...
compiling DJI_Pro_Codec.c...
compiling DJI_Pro_Link.c...
compiling DJI_Pro_Test.c...
..\APP\DJIAPI\DJI_Pro_Test.c(128): warning:  #167-D: argument of type "unsigned char *" is incompatible with parameter of type "const char *"
        memcpy(&tran_buf[0], data,strlen((unsigned char*)data));
..\APP\DJIAPI\DJI_Pro_Test.c(129): warning:  #167-D: argument of type "unsigned char *" is incompatible with parameter of type "const char *"
        tran_buf[strlen((unsigned char*)data)]=0;
..\APP\DJIAPI\DJI_Pro_Test.c: 2 warnings, 0 errors
compiling usart.c...
linking...
Program Size: Code=22424 RO-data=4512 RW-data=1640 ZI-data=21400  
FromELF: creating hex file...
".\DJI_STM32_SDK.axf" - 0 Error(s), 2 Warning(s).
